<html>
<body>
<pre>
<h1>µVision Build Log</h1>
<h2>Tool Versions:</h2>
IDE-Version: µVision V5.29.0.0
Copyright (C) 2019 ARM Ltd and ARM Germany GmbH. All rights reserved.
License Information: Ramy Mohamed, Ain Shams University, LIC=----
 
Tool Versions:
Toolchain:       MDK-Lite  Version: 5.29.0.0
Toolchain Path:  C:\Keil_v5\ARM\ARMCC\Bin
C Compiler:      Armcc.exe V5.06 update 6 (build 750)
Assembler:       Armasm.exe V5.06 update 6 (build 750)
Linker/Locator:  ArmLink.exe V5.06 update 6 (build 750)
Library Manager: ArmAr.exe V5.06 update 6 (build 750)
Hex Converter:   FromElf.exe V5.06 update 6 (build 750)
CPU DLL:         SARMCM3.DLL V5.29.0.0
Dialog DLL:      DCM.DLL V1.17.3.0
Target DLL:      lmidk-agdi.dll V???
Dialog DLL:      TCM.DLL V1.36.5.0
 
<h2>Project:</h2>
D:\Senior-2 CSE ASU\1st Term\Snake_Game_Project\Snake_Game.uvprojx
Project File Date:  01/22/2023

<h2>Output:</h2>
*** Using Compiler 'V5.06 update 6 (build 750)', folder: 'C:\Keil_v5\ARM\ARMCC\Bin'
Rebuild target 'Target 1'
assembling startup_TM4C123.s...
compiling snake.c...
.\Includes\bsp.h(27): warning:  #1-D: last line of file ends without a newline
  #endif /* BSP_H_ */
.\Includes\snake.h(41): warning:  #1-D: last line of file ends without a newline
  #endif /* SNAKE_H_ */
snake.c(9): warning:  #1-D: last line of file ends without a newline
  }
snake.c: 3 warnings, 0 errors
compiling XorShift.c...
.\Includes\XorShift.h(28): warning:  #1-D: last line of file ends without a newline
  #endif /* XORSHIFT_H_ */
XorShift.c(11): warning:  #1-D: last line of file ends without a newline
  }
XorShift.c: 2 warnings, 0 errors
compiling freertos_evr.c...
compiling list.c...
compiling system_TM4C123.c...
compiling heap_4.c...
compiling main.c...
.\Includes\bsp.h(27): warning:  #1-D: last line of file ends without a newline
  #endif /* BSP_H_ */
.\Includes\snake.h(41): warning:  #1-D: last line of file ends without a newline
  #endif /* SNAKE_H_ */
.\Includes\XorShift.h(28): warning:  #1-D: last line of file ends without a newline
  #endif /* XORSHIFT_H_ */
main.c(191): warning:  #223-D: function "sprintf" declared implicitly
  		sprintf(buffer,"%d",highestScore); // Change integer to string and making explicit type casting from float to integer
main.c(224): warning:  #167-D: argument of type "uint8 *" is incompatible with parameter of type "const char *"
  				printn((screen+(DX*i)), DX);
main.c(228): warning:  #223-D: function "sprintf" declared implicitly
  			sprintf(buffer,"%d",score); // Change integer to string and making explicit type casting from float to integer
main.c(245): warning:  #167-D: argument of type "uint8 *" is incompatible with parameter of type "const char *"
  				printn((screen+(DX*i)), DX);
main.c(249): warning:  #223-D: function "sprintf" declared implicitly
  			sprintf(buffer,"%d",score); // Change integer to string and making explicit type casting from float to integer
main.c(333): warning:  #550-D: variable "uxPriority"  was set but never used
  		unsigned portBASE_TYPE uxPriority;
main.c(336): warning:  #177-D: variable "i"  was declared but never referenced
  		int i = 0;
main.c(463): warning:  #1-D: last line of file ends without a newline
  }
main.c: 11 warnings, 0 errors
compiling port.c...
compiling queue.c...
compiling timers.c...
compiling bsp.c...
.\Includes\bsp.h(27): warning:  #1-D: last line of file ends without a newline
  #endif /* BSP_H_ */
bsp.c(86): warning:  #1-D: last line of file ends without a newline
  }
bsp.c: 2 warnings, 0 errors
compiling tasks.c...
linking...
Program Size: Code=15396 RO-data=652 RW-data=4060 ZI-data=10972  
".\Objects\Snake_Game.axf" - 0 Error(s), 18 Warning(s).

<h2>Software Packages used:</h2>

Package Vendor: ARM
                http://www.keil.com/pack/ARM.CMSIS.5.9.0.pack
                ARM.CMSIS.5.9.0
                CMSIS (Common Microcontroller Software Interface Standard)
   * Component: CORE Version: 5.6.0

Package Vendor: ARM
                https://www.keil.com/pack/ARM.CMSIS-FreeRTOS.10.5.1.pack
                ARM.CMSIS-FreeRTOS.10.5.1
                Bundle of FreeRTOS for Cortex-M and Cortex-A
   * Component: Config Variant: FreeRTOS Version: 10.5.1
   * Component: Core Variant: Cortex-M Version: 10.5.1
   * Component: Heap Variant: Heap_4 Version: 10.5.1
   * Component: Timers Version: 10.5.1

Package Vendor: Keil
                http://www.keil.com/pack/Keil.TM4C_DFP.1.1.0.pack
                Keil.TM4C_DFP.1.1.0
                Texas Instruments Tiva C Series Device Support and Examples
   * Component: Startup Version: 1.0.1

<h2>Collection of Component include folders:</h2>
  .\RTE\RTOS
  .\RTE\_Target_1
  C:\Users\romio\AppData\Local\Arm\Packs\ARM\CMSIS-FreeRTOS\10.5.1\CMSIS\RTOS2\FreeRTOS\Include
  C:\Users\romio\AppData\Local\Arm\Packs\ARM\CMSIS-FreeRTOS\10.5.1\Source\include
  C:\Users\romio\AppData\Local\Arm\Packs\ARM\CMSIS-FreeRTOS\10.5.1\Source\portable\RVDS\ARM_CM4F
  C:\Users\romio\AppData\Local\Arm\Packs\ARM\CMSIS\5.9.0\CMSIS\Core\Include
  C:\Users\romio\AppData\Local\Arm\Packs\Keil\TM4C_DFP\1.1.0\Device\Include\TM4C123

<h2>Collection of Component Files used:</h2>

   * Component: ARM.FreeRTOS::RTOS:Config:FreeRTOS:10.5.1
      Include file:  Config\ARMCM\FreeRTOSConfig.h

   * Component: ARM.FreeRTOS::RTOS:Core:Cortex-M:10.5.1
      Include file:  Source\include\queue.h
      Include file:  Source\include\semphr.h
      Include file:  Source\include\FreeRTOS.h
      Source file:   Source\queue.c
      Source file:   Source\list.c
      Source file:   Source\tasks.c
      Source file:   Source\portable\RVDS\ARM_CM4F\port.c
      Include file:  Source\include\task.h
      Source file:   CMSIS\RTOS2\FreeRTOS\Source\freertos_evr.c

   * Component: ARM.FreeRTOS::RTOS:Heap:Heap_4:10.5.1
      Source file:   Source\portable\MemMang\heap_4.c

   * Component: ARM.FreeRTOS::RTOS:Timers:10.5.1
      Include file:  Source\include\timers.h
      Source file:   Source\timers.c

   * Component: ARM::CMSIS:CORE:5.6.0

   * Component: Keil::Device:Startup:1.0.1
      Source file:   Device\Source\ARM\startup_TM4C123.s
      Source file:   Device\Source\system_TM4C123.c
      Include file:  Device\Include\TM4C123\TM4C123.h
Build Time Elapsed:  00:00:00
</pre>
</body>
</html>
