Component: ARM Compiler 5.06 update 6 (build 750) Tool: armlink [4d35ed]

==============================================================================

Section Cross References

    main.o(i.UART0_Handler) refers to bsp.o(i.clearUART0INT) for clearUART0INT
    main.o(i.UART0_Handler) refers to bsp.o(i.readChar) for readChar
    main.o(i.UART0_Handler) refers to main.o(.data) for direction
    main.o(i.drawTask) refers to _printf_percent.o(.ARM.Collect$$_printf_percent$$00000000) for _printf_percent
    main.o(i.drawTask) refers to _printf_d.o(.ARM.Collect$$_printf_percent$$00000009) for _printf_d
    main.o(i.drawTask) refers to _printf_dec.o(.text) for _printf_int_dec
    main.o(i.drawTask) refers to queue.o(i.xQueueSemaphoreTake) for xQueueSemaphoreTake
    main.o(i.drawTask) refers to bsp.o(i.readChar) for readChar
    main.o(i.drawTask) refers to tasks.o(i.xTaskGetTickCount) for xTaskGetTickCount
    main.o(i.drawTask) refers to timers.o(i.xTimerGenericCommand) for xTimerGenericCommand
    main.o(i.drawTask) refers to bsp.o(i.printn) for printn
    main.o(i.drawTask) refers to bsp.o(i.print) for print
    main.o(i.drawTask) refers to noretval__2sprintf.o(.text) for __2sprintf
    main.o(i.drawTask) refers to queue.o(i.xQueueGenericSend) for xQueueGenericSend
    main.o(i.drawTask) refers to tasks.o(i.vTaskDelay) for vTaskDelay
    main.o(i.drawTask) refers to tasks.o(i.xTaskCreate) for xTaskCreate
    main.o(i.drawTask) refers to main.o(.data) for xMutex
    main.o(i.drawTask) refers to main.o(.bss) for screen
    main.o(i.drawTask) refers to main.o(i.initTask) for initTask
    main.o(i.gameTask) refers to tasks.o(i.uxTaskPriorityGet) for uxTaskPriorityGet
    main.o(i.gameTask) refers to queue.o(i.xQueueSemaphoreTake) for xQueueSemaphoreTake
    main.o(i.gameTask) refers to xorshift.o(i.xorshift32) for xorshift32
    main.o(i.gameTask) refers to queue.o(i.xQueueGenericSend) for xQueueGenericSend
    main.o(i.gameTask) refers to tasks.o(i.vTaskDelay) for vTaskDelay
    main.o(i.gameTask) refers to main.o(.data) for xMutex
    main.o(i.gameTask) refers to main.o(.bss) for screen
    main.o(i.initTask) refers to _printf_percent.o(.ARM.Collect$$_printf_percent$$00000000) for _printf_percent
    main.o(i.initTask) refers to _printf_d.o(.ARM.Collect$$_printf_percent$$00000009) for _printf_d
    main.o(i.initTask) refers to _printf_dec.o(.text) for _printf_int_dec
    main.o(i.initTask) refers to snake.o(i.memsetf) for memsetf
    main.o(i.initTask) refers to xorshift.o(i.xorshift32) for xorshift32
    main.o(i.initTask) refers to bsp.o(i.print) for print
    main.o(i.initTask) refers to noretval__2sprintf.o(.text) for __2sprintf
    main.o(i.initTask) refers to tasks.o(i.vTaskDelete) for vTaskDelete
    main.o(i.initTask) refers to main.o(.bss) for screen
    main.o(i.initTask) refers to main.o(.data) for powerupXPlusPtr
    main.o(i.main) refers to timers.o(i.xTimerCreate) for xTimerCreate
    main.o(i.main) refers to queue.o(i.xQueueCreateMutex) for xQueueCreateMutex
    main.o(i.main) refers to bsp.o(i.uart0_init) for uart0_init
    main.o(i.main) refers to tasks.o(i.xTaskCreate) for xTaskCreate
    main.o(i.main) refers to tasks.o(i.vTaskStartScheduler) for vTaskStartScheduler
    main.o(i.main) refers to main.o(i.vTickTimerCallback) for vTickTimerCallback
    main.o(i.main) refers to main.o(.data) for xTickTimer
    main.o(i.main) refers to main.o(i.drawTask) for drawTask
    main.o(i.main) refers to main.o(i.gameTask) for gameTask
    main.o(i.main) refers to main.o(i.initTask) for initTask
    main.o(i.vTickTimerCallback) refers to main.o(.data) for time
    bsp.o(i.print) refers to bsp.o(i.uart0_putchar) for uart0_putchar
    bsp.o(i.printn) refers to bsp.o(i.uart0_putchar) for uart0_putchar
    startup_tm4c123.o(STACK) refers (Special) to heapauxi.o(.text) for __use_two_region_memory
    startup_tm4c123.o(HEAP) refers (Special) to heapauxi.o(.text) for __use_two_region_memory
    startup_tm4c123.o(RESET) refers (Special) to heapauxi.o(.text) for __use_two_region_memory
    startup_tm4c123.o(RESET) refers to startup_tm4c123.o(STACK) for __initial_sp
    startup_tm4c123.o(RESET) refers to startup_tm4c123.o(.text) for Reset_Handler
    startup_tm4c123.o(RESET) refers to port.o(.emb_text) for SVC_Handler
    startup_tm4c123.o(RESET) refers to port.o(i.SysTick_Handler) for SysTick_Handler
    startup_tm4c123.o(RESET) refers to main.o(i.UART0_Handler) for UART0_Handler
    startup_tm4c123.o(.text) refers (Special) to heapauxi.o(.text) for __use_two_region_memory
    startup_tm4c123.o(.text) refers to system_tm4c123.o(i.SystemInit) for SystemInit
    startup_tm4c123.o(.text) refers to __main.o(!!!main) for __main
    startup_tm4c123.o(.text) refers to startup_tm4c123.o(HEAP) for Heap_Mem
    startup_tm4c123.o(.text) refers to startup_tm4c123.o(STACK) for Stack_Mem
    system_tm4c123.o(i.SystemCoreClockUpdate) refers to system_tm4c123.o(i.getOscClk) for getOscClk
[...]
    ../clib/printf.c                         0x00000000   Number         0  __printf_wp.o ABSOLUTE
    ../clib/printf.c                         0x00000000   Number         0  __printf_nopercent.o ABSOLUTE
    ../clib/printf.c                         0x00000000   Number         0  __2sprintf.o ABSOLUTE
    ../clib/printf.c                         0x00000000   Number         0  noretval__2sprintf.o ABSOLUTE
    ../clib/printf.c                         0x00000000   Number         0  __printf.o ABSOLUTE
    ../clib/printf.c                         0x00000000   Number         0  _printf_dec.o ABSOLUTE
    ../clib/printf.c                         0x00000000   Number         0  __printf_ss.o ABSOLUTE
    ../clib/printf.c                         0x00000000   Number         0  _sputc.o ABSOLUTE
    ../clib/printf.c                         0x00000000   Number         0  _printf_intcommon.o ABSOLUTE
    ../clib/printf.c                         0x00000000   Number         0  __printf_flags_ss.o ABSOLUTE
    ../clib/printf.c                         0x00000000   Number         0  __printf_flags_wp.o ABSOLUTE
    ../clib/printf.c                         0x00000000   Number         0  __printf_ss_wp.o ABSOLUTE
    ../clib/printf.c                         0x00000000   Number         0  _printf_char_common.o ABSOLUTE
    ../clib/printf.c                         0x00000000   Number         0  __printf_flags_ss_wp.o ABSOLUTE
    ../clib/printf_percent.s                 0x00000000   Number         0  _printf_percent_end.o ABSOLUTE
    ../clib/printf_percent.s                 0x00000000   Number         0  _printf_d.o ABSOLUTE
    ../clib/printf_percent.s                 0x00000000   Number         0  _printf_percent.o ABSOLUTE
    ../clib/signal.c                         0x00000000   Number         0  defsig_stak_inner.o ABSOLUTE
    ../clib/signal.c                         0x00000000   Number         0  defsig_pvfn_inner.o ABSOLUTE
    ../clib/signal.c                         0x00000000   Number         0  defsig_segv_inner.o ABSOLUTE
    ../clib/signal.c                         0x00000000   Number         0  defsig_other.o ABSOLUTE
    ../clib/signal.c                         0x00000000   Number         0  defsig_cppl_inner.o ABSOLUTE
    ../clib/signal.c                         0x00000000   Number         0  defsig_rtred_inner.o ABSOLUTE
    ../clib/signal.c                         0x00000000   Number         0  defsig_rtmem_formal.o ABSOLUTE
    ../clib/signal.c                         0x00000000   Number         0  defsig_rtmem_outer.o ABSOLUTE
    ../clib/signal.c                         0x00000000   Number         0  defsig_exit.o ABSOLUTE
    ../clib/signal.c                         0x00000000   Number         0  defsig_rtmem_inner.o ABSOLUTE
    ../clib/signal.c                         0x00000000   Number         0  defsig_general.o ABSOLUTE
    ../clib/signal.c                         0x00000000   Number         0  __raise.o ABSOLUTE
    ../clib/signal.c                         0x00000000   Number         0  defsig_abrt_inner.o ABSOLUTE
    ../clib/signal.c                         0x00000000   Number         0  defsig_fpe_inner.o ABSOLUTE
    ../clib/signal.s                         0x00000000   Number         0  defsig.o ABSOLUTE
    ../clib/stdlib.c                         0x00000000   Number         0  exit.o ABSOLUTE
    ../clib/string.c                         0x00000000   Number         0  strlen.o ABSOLUTE
    ../fplib/fpinit.s                        0x00000000   Number         0  fpinit.o ABSOLUTE
    C:\Users\romio\AppData\Local\Arm\Packs\ARM\CMSIS-FreeRTOS\10.5.1\CMSIS\RTOS2\FreeRTOS\Source\freertos_evr.c 0x00000000   Number         0  freertos_evr.o ABSOLUTE
    C:\Users\romio\AppData\Local\Arm\Packs\ARM\CMSIS-FreeRTOS\10.5.1\Source\list.c 0x00000000   Number         0  list.o ABSOLUTE
    C:\Users\romio\AppData\Local\Arm\Packs\ARM\CMSIS-FreeRTOS\10.5.1\Source\portable\MemMang\heap_4.c 0x00000000   Number         0  heap_4.o ABSOLUTE
    C:\Users\romio\AppData\Local\Arm\Packs\ARM\CMSIS-FreeRTOS\10.5.1\Source\portable\RVDS\ARM_CM4F\port.c 0x00000000   Number         0  port.o ABSOLUTE
    C:\Users\romio\AppData\Local\Arm\Packs\ARM\CMSIS-FreeRTOS\10.5.1\Source\queue.c 0x00000000   Number         0  queue.o ABSOLUTE
    C:\Users\romio\AppData\Local\Arm\Packs\ARM\CMSIS-FreeRTOS\10.5.1\Source\tasks.c 0x00000000   Number         0  tasks.o ABSOLUTE
    C:\Users\romio\AppData\Local\Arm\Packs\ARM\CMSIS-FreeRTOS\10.5.1\Source\timers.c 0x00000000   Number         0  timers.o ABSOLUTE
    C:\\Users\\romio\\AppData\\Local\\Arm\\Packs\\ARM\\CMSIS-FreeRTOS\\10.5.1\\Source\\portable\\RVDS\\ARM_CM4F\\port.c 0x00000000   Number         0  port.o ABSOLUTE
    RTE\Device\TM4C123GH6PM\startup_TM4C123.s 0x00000000   Number         0  startup_tm4c123.o ABSOLUTE
    RTE\Device\TM4C123GH6PM\system_TM4C123.c 0x00000000   Number         0  system_tm4c123.o ABSOLUTE
    RTE\\Device\\TM4C123GH6PM\\system_TM4C123.c 0x00000000   Number         0  system_tm4c123.o ABSOLUTE
    XorShift.c                               0x00000000   Number         0  xorshift.o ABSOLUTE
    bsp.c                                    0x00000000   Number         0  bsp.o ABSOLUTE
    dc.s                                     0x00000000   Number         0  dc.o ABSOLUTE
    main.c                                   0x00000000   Number         0  main.o ABSOLUTE
    snake.c                                  0x00000000   Number         0  snake.o ABSOLUTE
    !!!main                                  0x0000026c   Section        8  __main.o(!!!main)
    !!!scatter                               0x00000274   Section       52  __scatter.o(!!!scatter)
    !!dczerorl2                              0x000002a8   Section       90  __dczerorl2.o(!!dczerorl2)
    !!handler_zi                             0x00000304   Section       28  __scatter_zi.o(!!handler_zi)
    .ARM.Collect$$_printf_percent$$00000000  0x00000320   Section        0  _printf_percent.o(.ARM.Collect$$_printf_percent$$00000000)
    .ARM.Collect$$_printf_percent$$00000009  0x00000320   Section        6  _printf_d.o(.ARM.Collect$$_printf_percent$$00000009)
    .ARM.Collect$$_printf_percent$$00000017  0x00000326   Section        4  _printf_percent_end.o(.ARM.Collect$$_printf_percent$$00000017)
    .ARM.Collect$$libinit$$00000000          0x0000032a   Section        2  libinit.o(.ARM.Collect$$libinit$$00000000)
    .ARM.Collect$$libinit$$00000001          0x0000032c   Section        4  libinit2.o(.ARM.Collect$$libinit$$00000001)
    .ARM.Collect$$libinit$$00000004          0x00000330   Section        0  libinit2.o(.ARM.Collect$$libinit$$00000004)
    .ARM.Collect$$libinit$$0000000A          0x00000330   Section        0  libinit2.o(.ARM.Collect$$libinit$$0000000A)
    .ARM.Collect$$libinit$$0000000C          0x00000330   Section        0  libinit2.o(.ARM.Collect$$libinit$$0000000C)
    .ARM.Collect$$libinit$$0000000E          0x00000330   Section        0  libinit2.o(.ARM.Collect$$libinit$$0000000E)
    .ARM.Collect$$libinit$$00000011          0x00000330   Section        0  libinit2.o(.ARM.Collect$$libinit$$00000011)
    .ARM.Collect$$libinit$$00000013          0x00000330   Section        0  libinit2.o(.ARM.Collect$$libinit$$00000013)
    .ARM.Collect$$libinit$$00000015          0x00000330   Section        0  libinit2.o(.ARM.Collect$$libinit$$00000015)
    .ARM.Collect$$libinit$$00000017          0x00000330   Section        0  libinit2.o(.ARM.Collect$$libinit$$00000017)
    .ARM.Collect$$libinit$$00000019          0x00000330   Section        0  libinit2.o(.ARM.Collect$$libinit$$00000019)
    .ARM.Collect$$libinit$$0000001B          0x00000330   Section        0  libinit2.o(.ARM.Collect$$libinit$$0000001B)
    .ARM.Collect$$libinit$$0000001D          0x00000330   Section        0  libinit2.o(.ARM.Collect$$libinit$$0000001D)
    .ARM.Collect$$libinit$$0000001F          0x00000330   Section        0  libinit2.o(.ARM.Collect$$libinit$$0000001F)
    .ARM.Collect$$libinit$$00000021          0x00000330   Section        0  libinit2.o(.ARM.Collect$$libinit$$00000021)
    .ARM.Collect$$libinit$$00000023          0x00000330   Section        0  libinit2.o(.ARM.Collect$$libinit$$00000023)
    .ARM.Collect$$libinit$$00000025          0x00000330   Section        0  libinit2.o(.ARM.Collect$$libinit$$00000025)
    .ARM.Collect$$libinit$$0000002C          0x00000330   Section        0  libinit2.o(.ARM.Collect$$libinit$$0000002C)
    .ARM.Collect$$libinit$$0000002E          0x00000330   Section        0  libinit2.o(.ARM.Collect$$libinit$$0000002E)
    .ARM.Collect$$libinit$$00000030          0x00000330   Section        0  libinit2.o(.ARM.Collect$$libinit$$00000030)
    .ARM.Collect$$libinit$$00000032          0x00000330   Section        0  libinit2.o(.ARM.Collect$$libinit$$00000032)
    .ARM.Collect$$libinit$$00000033          0x00000330   Section        2  libinit2.o(.ARM.Collect$$libinit$$00000033)
    .ARM.Collect$$libshutdown$$00000000      0x00000332   Section        2  libshutdown.o(.ARM.Collect$$libshutdown$$00000000)
    .ARM.Collect$$libshutdown$$00000002      0x00000334   Section        0  libshutdown2.o(.ARM.Collect$$libshutdown$$00000002)
    .ARM.Collect$$libshutdown$$00000004      0x00000334   Section        0  libshutdown2.o(.ARM.Collect$$libshutdown$$00000004)
    .ARM.Collect$$libshutdown$$00000007      0x00000334   Section        0  libshutdown2.o(.ARM.Collect$$libshutdown$$00000007)
    .ARM.Collect$$libshutdown$$0000000A      0x00000334   Section        0  libshutdown2.o(.ARM.Collect$$libshutdown$$0000000A)
    .ARM.Collect$$libshutdown$$0000000C      0x00000334   Section        0  libshutdown2.o(.ARM.Collect$$libshutdown$$0000000C)
    .ARM.Collect$$libshutdown$$0000000F      0x00000334   Section        0  libshutdown2.o(.ARM.Collect$$libshutdown$$0000000F)
    .ARM.Collect$$libshutdown$$00000010      0x00000334   Section        2  libshutdown2.o(.ARM.Collect$$libshutdown$$00000010)
    .ARM.Collect$$rtentry$$00000000          0x00000336   Section        0  __rtentry.o(.ARM.Collect$$rtentry$$00000000)
    .ARM.Collect$$rtentry$$00000002          0x00000336   Section        0  __rtentry2.o(.ARM.Collect$$rtentry$$00000002)
    .ARM.Collect$$rtentry$$00000004          0x00000336   Section        6  __rtentry4.o(.ARM.Collect$$rtentry$$00000004)
    .ARM.Collect$$rtentry$$00000009          0x0000033c   Section        0  __rtentry2.o(.ARM.Collect$$rtentry$$00000009)
    .ARM.Collect$$rtentry$$0000000A          0x0000033c   Section        4  __rtentry2.o(.ARM.Collect$$rtentry$$0000000A)
    .ARM.Collect$$rtentry$$0000000C          0x00000340   Section        0  __rtentry2.o(.ARM.Collect$$rtentry$$0000000C)
    .ARM.Collect$$rtentry$$0000000D          0x00000340   Section        8  __rtentry2.o(.ARM.Collect$$rtentry$$0000000D)
    .ARM.Collect$$rtexit$$00000000           0x00000348   Section        2  rtexit.o(.ARM.Collect$$rtexit$$00000000)
    .ARM.Collect$$rtexit$$00000002           0x0000034a   Section        0  rtexit2.o(.ARM.Collect$$rtexit$$00000002)
    .ARM.Collect$$rtexit$$00000003           0x0000034a   Section        4  rtexit2.o(.ARM.Collect$$rtexit$$00000003)
    .ARM.Collect$$rtexit$$00000004           0x0000034e   Section        6  rtexit2.o(.ARM.Collect$$rtexit$$00000004)
    .emb_text                                0x00000354   Section      190  port.o(.emb_text)
    $v0                                      0x00000354   Number         0  port.o(.emb_text)
    .text                                    0x00000414   Section      276  startup_tm4c123.o(.text)
    $v0                                      0x00000414   Number         0  startup_tm4c123.o(.text)
    .text                                    0x00000528   Section        0  noretval__2sprintf.o(.text)
    .text                                    0x00000550   Section        0  __printf.o(.text)
    .text                                    0x000005b8   Section        0  _printf_dec.o(.text)
    .text                                    0x00000630   Section      138  rt_memcpy_v6.o(.text)
    .text                                    0x000006ba   Section       16  aeabi_memset.o(.text)
    .text                                    0x000006ca   Section       68  rt_memclr.o(.text)
    .text                                    0x0000070e   Section       78  rt_memclr_w.o(.text)
    .text                                    0x0000075c   Section        0  heapauxi.o(.text)
    .text                                    0x00000762   Section        0  _printf_intcommon.o(.text)
    .text                                    0x00000814   Section        0  _printf_char_common.o(.text)
    _printf_input_char                       0x00000815   Thumb Code    10  _printf_char_common.o(.text)
    .text                                    0x00000844   Section        0  _sputc.o(.text)
    .text                                    0x0000084e   Section      100  rt_memcpy_w.o(.text)
    .text                                    0x000008b2   Section       74  sys_stackheap_outer.o(.text)
    .text                                    0x000008fc   Section        0  exit.o(.text)
    .text                                    0x00000910   Section        8  libspace.o(.text)
    .text                                    0x00000918   Section        0  sys_exit.o(.text)
    .text                                    0x00000924   Section        2  use_no_semi.o(.text)
    .text                                    0x00000926   Section        0  indicate_semi.o(.text)
    i.SysTick_Handler                        0x00000928   Section        0  port.o(i.SysTick_Handler)
    i.SystemInit                             0x0000095c   Section        0  system_tm4c123.o(i.SystemInit)
    i.UART0_Handler                          0x00000970   Section        0  main.o(i.UART0_Handler)
    i.clearUART0INT                          0x000009e0   Section        0  bsp.o(i.clearUART0INT)
    i.drawTask                               0x000009f4   Section        0  main.o(i.drawTask)
    drawTask                                 0x000009f5   Thumb Code   658  main.o(i.drawTask)
    i.eTaskConfirmSleepModeStatus            0x00000d88   Section        0  tasks.o(i.eTaskConfirmSleepModeStatus)
    i.gameTask                               0x00000dd0   Section        0  main.o(i.gameTask)
    gameTask                                 0x00000dd1   Thumb Code   936  main.o(i.gameTask)
    i.initTask                               0x000011bc   Section        0  main.o(i.initTask)
    initTask                                 0x000011bd   Thumb Code   366  main.o(i.initTask)
    i.main                                   0x000013f0   Section        0  main.o(i.main)
    i.memsetf                                0x000014ec   Section        0  snake.o(i.memsetf)
    i.print                                  0x00001500   Section        0  bsp.o(i.print)
    i.printn                                 0x00001522   Section        0  bsp.o(i.printn)
    i.prvAddCurrentTaskToDelayedList         0x00001548   Section        0  tasks.o(i.prvAddCurrentTaskToDelayedList)
    prvAddCurrentTaskToDelayedList           0x00001549   Thumb Code   174  tasks.o(i.prvAddCurrentTaskToDelayedList)
    i.prvAddNewTaskToReadyList               0x00001614   Section        0  tasks.o(i.prvAddNewTaskToReadyList)
    prvAddNewTaskToReadyList                 0x00001615   Thumb Code   206  tasks.o(i.prvAddNewTaskToReadyList)
    i.prvCheckForValidListAndQueue           0x00001700   Section        0  timers.o(i.prvCheckForValidListAndQueue)
    prvCheckForValidListAndQueue             0x00001701   Thumb Code    56  timers.o(i.prvCheckForValidListAndQueue)
    i.prvCheckTasksWaitingTermination        0x0000174c   Section        0  tasks.o(i.prvCheckTasksWaitingTermination)
    prvCheckTasksWaitingTermination          0x0000174d   Thumb Code    60  tasks.o(i.prvCheckTasksWaitingTermination)
    i.prvCopyDataFromQueue                   0x00001794   Section        0  queue.o(i.prvCopyDataFromQueue)
    prvCopyDataFromQueue                     0x00001795   Thumb Code    42  queue.o(i.prvCopyDataFromQueue)
    i.prvCopyDataToQueue                     0x000017be   Section        0  queue.o(i.prvCopyDataToQueue)
    prvCopyDataToQueue                       0x000017bf   Thumb Code   126  queue.o(i.prvCopyDataToQueue)
    i.prvDeleteTCB                           0x0000183c   Section        0  tasks.o(i.prvDeleteTCB)
    prvDeleteTCB                             0x0000183d   Thumb Code    18  tasks.o(i.prvDeleteTCB)
    i.prvGetDisinheritPriorityAfterTimeout   0x0000184e   Section        0  queue.o(i.prvGetDisinheritPriorityAfterTimeout)
    prvGetDisinheritPriorityAfterTimeout     0x0000184f   Thumb Code    20  queue.o(i.prvGetDisinheritPriorityAfterTimeout)
    i.prvGetExpectedIdleTime                 0x00001864   Section        0  tasks.o(i.prvGetExpectedIdleTime)
    prvGetExpectedIdleTime                   0x00001865   Thumb Code    56  tasks.o(i.prvGetExpectedIdleTime)
    i.prvGetNextExpireTime                   0x000018b0   Section        0  timers.o(i.prvGetNextExpireTime)
    prvGetNextExpireTime                     0x000018b1   Thumb Code    36  timers.o(i.prvGetNextExpireTime)
    i.prvHeapInit                            0x000018d8   Section        0  heap_4.o(i.prvHeapInit)
    prvHeapInit                              0x000018d9   Thumb Code    90  heap_4.o(i.prvHeapInit)
    i.prvIdleTask                            0x00001948   Section        0  tasks.o(i.prvIdleTask)
    prvIdleTask                              0x00001949   Thumb Code   112  tasks.o(i.prvIdleTask)
    i.prvInitialiseMutex                     0x000019c8   Section        0  queue.o(i.prvInitialiseMutex)
    prvInitialiseMutex                       0x000019c9   Thumb Code    30  queue.o(i.prvInitialiseMutex)
    i.prvInitialiseNewQueue                  0x000019e6   Section        0  queue.o(i.prvInitialiseNewQueue)
    prvInitialiseNewQueue                    0x000019e7   Thumb Code    46  queue.o(i.prvInitialiseNewQueue)
    i.prvInitialiseNewTask                   0x00001a14   Section        0  tasks.o(i.prvInitialiseNewTask)
    prvInitialiseNewTask                     0x00001a15   Thumb Code   204  tasks.o(i.prvInitialiseNewTask)
    i.prvInitialiseNewTimer                  0x00001ae0   Section        0  timers.o(i.prvInitialiseNewTimer)
    prvInitialiseNewTimer                    0x00001ae1   Thumb Code    88  timers.o(i.prvInitialiseNewTimer)
    i.prvInitialiseTaskLists                 0x00001b38   Section        0  tasks.o(i.prvInitialiseTaskLists)
    prvInitialiseTaskLists                   0x00001b39   Thumb Code    70  tasks.o(i.prvInitialiseTaskLists)
    i.prvInsertBlockIntoFreeList             0x00001ba0   Section        0  heap_4.o(i.prvInsertBlockIntoFreeList)
    prvInsertBlockIntoFreeList               0x00001ba1   Thumb Code    96  heap_4.o(i.prvInsertBlockIntoFreeList)
    i.prvInsertTimerInActiveList             0x00001c08   Section        0  timers.o(i.prvInsertTimerInActiveList)
    prvInsertTimerInActiveList               0x00001c09   Thumb Code    80  timers.o(i.prvInsertTimerInActiveList)
    i.prvIsQueueEmpty                        0x00001c60   Section        0  queue.o(i.prvIsQueueEmpty)
    prvIsQueueEmpty                          0x00001c61   Thumb Code    26  queue.o(i.prvIsQueueEmpty)
    i.prvIsQueueFull                         0x00001c7a   Section        0  queue.o(i.prvIsQueueFull)
    prvIsQueueFull                           0x00001c7b   Thumb Code    30  queue.o(i.prvIsQueueFull)
    i.prvNotifyQueueSetContainer             0x00001c98   Section        0  queue.o(i.prvNotifyQueueSetContainer)
    prvNotifyQueueSetContainer               0x00001c99   Thumb Code   184  queue.o(i.prvNotifyQueueSetContainer)
    i.prvProcessExpiredTimer                 0x00001d50   Section        0  timers.o(i.prvProcessExpiredTimer)
    prvProcessExpiredTimer                   0x00001d51   Thumb Code    62  timers.o(i.prvProcessExpiredTimer)
    i.prvProcessReceivedCommands             0x00001d94   Section        0  timers.o(i.prvProcessReceivedCommands)
    prvProcessReceivedCommands               0x00001d95   Thumb Code   326  timers.o(i.prvProcessReceivedCommands)
    i.prvProcessTimerOrBlockTask             0x00001ee0   Section        0  timers.o(i.prvProcessTimerOrBlockTask)
    prvProcessTimerOrBlockTask               0x00001ee1   Thumb Code   102  timers.o(i.prvProcessTimerOrBlockTask)
    i.prvReloadTimer                         0x00001f54   Section        0  timers.o(i.prvReloadTimer)
    prvReloadTimer                           0x00001f55   Thumb Code    40  timers.o(i.prvReloadTimer)
    i.prvResetNextTaskUnblockTime            0x00001f7c   Section        0  tasks.o(i.prvResetNextTaskUnblockTime)
    prvResetNextTaskUnblockTime              0x00001f7d   Thumb Code    40  tasks.o(i.prvResetNextTaskUnblockTime)
    i.prvSampleTimeNow                       0x00001fac   Section        0  timers.o(i.prvSampleTimeNow)
    prvSampleTimeNow                         0x00001fad   Thumb Code    40  timers.o(i.prvSampleTimeNow)
    i.prvSwitchTimerLists                    0x00001fd8   Section        0  timers.o(i.prvSwitchTimerLists)
    prvSwitchTimerLists                      0x00001fd9   Thumb Code    58  timers.o(i.prvSwitchTimerLists)
    i.prvTaskExitError                       0x0000201c   Section        0  port.o(i.prvTaskExitError)
    prvTaskExitError                         0x0000201d   Thumb Code    60  port.o(i.prvTaskExitError)
    i.prvTimerTask                           0x0000205c   Section        0  timers.o(i.prvTimerTask)
    prvTimerTask                             0x0000205d   Thumb Code    26  timers.o(i.prvTimerTask)
    i.prvUnlockQueue                         0x00002076   Section        0  queue.o(i.prvUnlockQueue)
    prvUnlockQueue                           0x00002077   Thumb Code   144  queue.o(i.prvUnlockQueue)
    i.pvPortMalloc                           0x00002108   Section        0  heap_4.o(i.pvPortMalloc)
    i.pvTaskIncrementMutexHeldCount          0x00002234   Section        0  tasks.o(i.pvTaskIncrementMutexHeldCount)
    i.pxPortInitialiseStack                  0x00002254   Section        0  port.o(i.pxPortInitialiseStack)
    i.readChar                               0x00002280   Section        0  bsp.o(i.readChar)
    i.uart0_init                             0x0000229c   Section        0  bsp.o(i.uart0_init)
    i.uart0_putchar                          0x00002378   Section        0  bsp.o(i.uart0_putchar)
    i.uxListRemove                           0x00002390   Section        0  list.o(i.uxListRemove)
    i.uxTaskGetNumberOfTasks                 0x000023b8   Section        0  tasks.o(i.uxTaskGetNumberOfTasks)
    i.uxTaskPriorityGet                      0x000023c4   Section        0  tasks.o(i.uxTaskPriorityGet)
    i.vApplicationIdleHook                   0x000023e8   Section        0  main.o(i.vApplicationIdleHook)
    i.vListInitialise                        0x000023ec   Section        0  list.o(i.vListInitialise)
    i.vListInitialiseItem                    0x00002406   Section        0  list.o(i.vListInitialiseItem)
    i.vListInsert                            0x0000240c   Section        0  list.o(i.vListInsert)
    i.vListInsertEnd                         0x00002440   Section        0  list.o(i.vListInsertEnd)
    i.vPortEnterCritical                     0x00002458   Section        0  port.o(i.vPortEnterCritical)
    i.vPortExitCritical                      0x000024ac   Section        0  port.o(i.vPortExitCritical)
    i.vPortFree                              0x000024e8   Section        0  heap_4.o(i.vPortFree)
    i.vPortSetupTimerInterrupt               0x00002574   Section        0  port.o(i.vPortSetupTimerInterrupt)
    i.vPortSuppressTicksAndSleep             0x000025dc   Section        0  port.o(i.vPortSuppressTicksAndSleep)
    i.vPortValidateInterruptPriority         0x00002720   Section        0  port.o(i.vPortValidateInterruptPriority)
    i.vQueueWaitForMessageRestricted         0x00002798   Section        0  queue.o(i.vQueueWaitForMessageRestricted)
    i.vTaskDelay                             0x000027e4   Section        0  tasks.o(i.vTaskDelay)
    i.vTaskDelete                            0x00002840   Section        0  tasks.o(i.vTaskDelete)
    i.vTaskInternalSetTimeOutState           0x0000293c   Section        0  tasks.o(i.vTaskInternalSetTimeOutState)
    i.vTaskMissedYield                       0x00002954   Section        0  tasks.o(i.vTaskMissedYield)
    i.vTaskPlaceOnEventList                  0x00002960   Section        0  tasks.o(i.vTaskPlaceOnEventList)
    i.vTaskPlaceOnEventListRestricted        0x00002998   Section        0  tasks.o(i.vTaskPlaceOnEventListRestricted)
    i.vTaskPriorityDisinheritAfterTimeout    0x000029fc   Section        0  tasks.o(i.vTaskPriorityDisinheritAfterTimeout)
    i.vTaskStartScheduler                    0x00002b14   Section        0  tasks.o(i.vTaskStartScheduler)
    i.vTaskStepTick                          0x00002bb0   Section        0  tasks.o(i.vTaskStepTick)
    i.vTaskSuspendAll                        0x00002c5c   Section        0  tasks.o(i.vTaskSuspendAll)
    i.vTaskSwitchContext                     0x00002c6c   Section        0  tasks.o(i.vTaskSwitchContext)
    i.vTickTimerCallback                     0x00002cf8   Section        0  main.o(i.vTickTimerCallback)
    i.xPortStartScheduler                    0x00002d08   Section        0  port.o(i.xPortStartScheduler)
    i.xQueueCreateMutex                      0x00002e70   Section        0  queue.o(i.xQueueCreateMutex)
    i.xQueueGenericCreate                    0x00002e92   Section        0  queue.o(i.xQueueGenericCreate)
    i.xQueueGenericReset                     0x00002ef8   Section        0  queue.o(i.xQueueGenericReset)
    i.xQueueGenericSend                      0x00002fd4   Section        0  queue.o(i.xQueueGenericSend)
    i.xQueueGenericSendFromISR               0x000031ac   Section        0  queue.o(i.xQueueGenericSendFromISR)
    i.xQueueReceive                          0x000032f0   Section        0  queue.o(i.xQueueReceive)
    i.xQueueSemaphoreTake                    0x00003458   Section        0  queue.o(i.xQueueSemaphoreTake)
    i.xTaskCheckForTimeOut                   0x000035ec   Section        0  tasks.o(i.xTaskCheckForTimeOut)
    i.xTaskCreate                            0x00003698   Section        0  tasks.o(i.xTaskCreate)
    i.xTaskGetSchedulerState                 0x00003700   Section        0  tasks.o(i.xTaskGetSchedulerState)
    i.xTaskGetTickCount                      0x00003720   Section        0  tasks.o(i.xTaskGetTickCount)
    i.xTaskIncrementTick                     0x0000372c   Section        0  tasks.o(i.xTaskIncrementTick)
    i.xTaskPriorityDisinherit                0x000038e8   Section        0  tasks.o(i.xTaskPriorityDisinherit)
    i.xTaskPriorityInherit                   0x000039d8   Section        0  tasks.o(i.xTaskPriorityInherit)
    i.xTaskRemoveFromEventList               0x00003ac4   Section        0  tasks.o(i.xTaskRemoveFromEventList)
    i.xTaskResumeAll                         0x00003be8   Section        0  tasks.o(i.xTaskResumeAll)
    i.xTimerCreate                           0x00003d60   Section        0  timers.o(i.xTimerCreate)
    i.xTimerCreateTimerTask                  0x00003d98   Section        0  timers.o(i.xTimerCreateTimerTask)
    i.xTimerGenericCommand                   0x00003dec   Section        0  timers.o(i.xTimerGenericCommand)
    i.xorshift32                             0x00003e70   Section        0  xorshift.o(i.xorshift32)
    x$fpl$fpinit                             0x00003e86   Section       10  fpinit.o(x$fpl$fpinit)
    $v0                                      0x00003e86   Number         0  fpinit.o(x$fpl$fpinit)
    .data                                    0x20000000   Section     3917  main.o(.data)
    .data                                    0x20000f50   Section        4  system_tm4c123.o(.data)
    .data                                    0x20000f54   Section       28  heap_4.o(.data)
    xStart                                   0x20000f54   Data           8  heap_4.o(.data)
    pxEnd                                    0x20000f5c   Data           4  heap_4.o(.data)
    xFreeBytesRemaining                      0x20000f60   Data           4  heap_4.o(.data)
    xMinimumEverFreeBytesRemaining           0x20000f64   Data           4  heap_4.o(.data)
    xNumberOfSuccessfulAllocations           0x20000f68   Data           4  heap_4.o(.data)
    xNumberOfSuccessfulFrees                 0x20000f6c   Data           4  heap_4.o(.data)
    .data                                    0x20000f70   Section       24  port.o(.data)
    uxCriticalNesting                        0x20000f70   Data           4  port.o(.data)
    ulTimerCountsForOneTick                  0x20000f74   Data           4  port.o(.data)
    xMaximumPossibleSuppressedTicks          0x20000f78   Data           4  port.o(.data)
    ulStoppedTimerCompensation               0x20000f7c   Data           4  port.o(.data)
    ucMaxSysCallPriority                     0x20000f80   Data           1  port.o(.data)
    ulMaxPRIGROUPValue                       0x20000f84   Data           4  port.o(.data)
    .data                                    0x20000f88   Section       64  tasks.o(.data)
    pxDelayedTaskList                        0x20000f8c   Data           4  tasks.o(.data)
    pxOverflowDelayedTaskList                0x20000f90   Data           4  tasks.o(.data)
    uxDeletedTasksWaitingCleanUp             0x20000f94   Data           4  tasks.o(.data)
    uxCurrentNumberOfTasks                   0x20000f98   Data           4  tasks.o(.data)
    xTickCount                               0x20000f9c   Data           4  tasks.o(.data)
    uxTopReadyPriority                       0x20000fa0   Data           4  tasks.o(.data)
    xSchedulerRunning                        0x20000fa4   Data           4  tasks.o(.data)
    xPendedTicks                             0x20000fa8   Data           4  tasks.o(.data)
    xYieldPending                            0x20000fac   Data           4  tasks.o(.data)
    xNumOfOverflows                          0x20000fb0   Data           4  tasks.o(.data)
    uxTaskNumber                             0x20000fb4   Data           4  tasks.o(.data)
    xNextTaskUnblockTime                     0x20000fb8   Data           4  tasks.o(.data)
    xIdleTaskHandle                          0x20000fbc   Data           4  tasks.o(.data)
    uxSchedulerSuspended                     0x20000fc4   Data           4  tasks.o(.data)
    .data                                    0x20000fc8   Section       20  timers.o(.data)
    pxCurrentTimerList                       0x20000fc8   Data           4  timers.o(.data)
    pxOverflowTimerList                      0x20000fcc   Data           4  timers.o(.data)
    xTimerQueue                              0x20000fd0   Data           4  timers.o(.data)
    xTimerTaskHandle                         0x20000fd4   Data           4  timers.o(.data)
    xLastTime                                0x20000fd8   Data           4  timers.o(.data)
    .bss                                     0x20000fdc   Section     1930  main.o(.bss)
    .bss                                     0x20001766   Section     8192  heap_4.o(.bss)
    ucHeap                                   0x20001766   Data        8192  heap_4.o(.bss)
    .bss                                     0x20003768   Section      200  tasks.o(.bss)
    pxReadyTasksLists                        0x20003768   Data         100  tasks.o(.bss)
    xDelayedTaskList1                        0x200037cc   Data          20  tasks.o(.bss)
    xDelayedTaskList2                        0x200037e0   Data          20  tasks.o(.bss)
    xPendingReadyList                        0x200037f4   Data          20  tasks.o(.bss)
    xTasksWaitingTermination                 0x20003808   Data          20  tasks.o(.bss)
    xSuspendedTaskList                       0x2000381c   Data          20  tasks.o(.bss)
    .bss                                     0x20003830   Section       40  timers.o(.bss)
    xActiveTimerList1                        0x20003830   Data          20  timers.o(.bss)
    xActiveTimerList2                        0x20003844   Data          20  timers.o(.bss)
    .bss                                     0x20003858   Section       96  libspace.o(.bss)
    HEAP                                     0x200038b8   Section        0  startup_tm4c123.o(HEAP)
    STACK                                    0x200038b8   Section      512  startup_tm4c123.o(STACK)
    Heap_Mem                                 0x200038b8   Data           0  startup_tm4c123.o(HEAP)
    Stack_Mem                                0x200038b8   Data         512  startup_tm4c123.o(STACK)
    __initial_sp                             0x20003ab8   Data           0  startup_tm4c123.o(STACK)

    Global Symbols

    Symbol Name                              Value     Ov Type        Size  Object(Section)

    BuildAttributes$$THM_ISAv4$E$P$D$K$B$S$7EM$VFPi3$EXTD16$VFPS$VFMA$PE$A:L22UL41UL21$X:L11$S22US41US21$IEEE1$IW$USESV6$~STKCKD$USESV7$~SHL$OSPACE$ROPI$EBA8$UX$STANDARDLIB$REQ8$PRES8$EABIv2 0x00000000   Number         0  anon$$obj.o ABSOLUTE
    __ARM_use_no_argv                        0x00000000   Number         0  main.o ABSOLUTE
    __Vectors                                0x00000000   Data           4  startup_tm4c123.o(RESET)
    __ARM_exceptions_init                     - Undefined Weak Reference
    __alloca_initialize                       - Undefined Weak Reference
    __arm_preinit_                            - Undefined Weak Reference
    __cpp_initialize__aeabi_                  - Undefined Weak Reference
    __cxa_finalize                            - Undefined Weak Reference
    __rt_locale                               - Undefined Weak Reference
    __sigvec_lookup                           - Undefined Weak Reference
    _atexit_init                              - Undefined Weak Reference
    _call_atexit_fns                          - Undefined Weak Reference
    _clock_init                               - Undefined Weak Reference
    _fp_trap_init                             - Undefined Weak Reference
    _fp_trap_shutdown                         - Undefined Weak Reference
    _get_lc_collate                           - Undefined Weak Reference
    _get_lc_ctype                             - Undefined Weak Reference
    _get_lc_monetary                          - Undefined Weak Reference
    _get_lc_numeric                           - Undefined Weak Reference
    _get_lc_time                              - Undefined Weak Reference
    _getenv_init                              - Undefined Weak Reference
    _handle_redirection                       - Undefined Weak Reference
    _init_alloc                               - Undefined Weak Reference
    _init_user_alloc                          - Undefined Weak Reference
    _initio                                   - Undefined Weak Reference
    _printf_post_padding                      - Undefined Weak Reference
    _printf_pre_padding                       - Undefined Weak Reference
    _printf_truncate_signed                   - Undefined Weak Reference
    _printf_truncate_unsigned                 - Undefined Weak Reference
    _rand_init                                - Undefined Weak Reference
    _signal_finish                            - Undefined Weak Reference
    _signal_init                              - Undefined Weak Reference
    _terminate_alloc                          - Undefined Weak Reference
    _terminate_user_alloc                     - Undefined Weak Reference
    _terminateio                              - Undefined Weak Reference
    __Vectors_End                            0x0000026c   Data           0  startup_tm4c123.o(RESET)
    __Vectors_Size                           0x0000026c   Number         0  startup_tm4c123.o ABSOLUTE
    __main                                   0x0000026d   Thumb Code     8  __main.o(!!!main)
    __scatterload                            0x00000275   Thumb Code     0  __scatter.o(!!!scatter)
    __scatterload_rt2                        0x00000275   Thumb Code    44  __scatter.o(!!!scatter)
    __scatterload_rt2_thumb_only             0x00000275   Thumb Code     0  __scatter.o(!!!scatter)
    __scatterload_null                       0x00000283   Thumb Code     0  __scatter.o(!!!scatter)
    __decompress                             0x000002a9   Thumb Code    90  __dczerorl2.o(!!dczerorl2)
    __decompress1                            0x000002a9   Thumb Code     0  __dczerorl2.o(!!dczerorl2)
    __scatterload_zeroinit                   0x00000305   Thumb Code    28  __scatter_zi.o(!!handler_zi)
    _printf_d                                0x00000321   Thumb Code     0  _printf_d.o(.ARM.Collect$$_printf_percent$$00000009)
    _printf_percent                          0x00000321   Thumb Code     0  _printf_percent.o(.ARM.Collect$$_printf_percent$$00000000)
    _printf_percent_end                      0x00000327   Thumb Code     0  _printf_percent_end.o(.ARM.Collect$$_printf_percent$$00000017)
    __rt_lib_init                            0x0000032b   Thumb Code     0  libinit.o(.ARM.Collect$$libinit$$00000000)
    __rt_lib_init_fp_1                       0x0000032d   Thumb Code     0  libinit2.o(.ARM.Collect$$libinit$$00000001)
    __rt_lib_init_alloca_1                   0x00000331   Thumb Code     0  libinit2.o(.ARM.Collect$$libinit$$0000002E)
    __rt_lib_init_argv_1                     0x00000331   Thumb Code     0  libinit2.o(.ARM.Collect$$libinit$$0000002C)
    __rt_lib_init_atexit_1                   0x00000331   Thumb Code     0  libinit2.o(.ARM.Collect$$libinit$$0000001B)
    __rt_lib_init_clock_1                    0x00000331   Thumb Code     0  libinit2.o(.ARM.Collect$$libinit$$00000021)
    __rt_lib_init_cpp_1                      0x00000331   Thumb Code     0  libinit2.o(.ARM.Collect$$libinit$$00000032)
    __rt_lib_init_exceptions_1               0x00000331   Thumb Code     0  libinit2.o(.ARM.Collect$$libinit$$00000030)
    __rt_lib_init_fp_trap_1                  0x00000331   Thumb Code     0  libinit2.o(.ARM.Collect$$libinit$$0000001F)
    __rt_lib_init_getenv_1                   0x00000331   Thumb Code     0  libinit2.o(.ARM.Collect$$libinit$$00000023)
    __rt_lib_init_heap_1                     0x00000331   Thumb Code     0  libinit2.o(.ARM.Collect$$libinit$$0000000A)
    __rt_lib_init_lc_collate_1               0x00000331   Thumb Code     0  libinit2.o(.ARM.Collect$$libinit$$00000011)
    __rt_lib_init_lc_ctype_1                 0x00000331   Thumb Code     0  libinit2.o(.ARM.Collect$$libinit$$00000013)
    __rt_lib_init_lc_monetary_1              0x00000331   Thumb Code     0  libinit2.o(.ARM.Collect$$libinit$$00000015)
    __rt_lib_init_lc_numeric_1               0x00000331   Thumb Code     0  libinit2.o(.ARM.Collect$$libinit$$00000017)
    __rt_lib_init_lc_time_1                  0x00000331   Thumb Code     0  libinit2.o(.ARM.Collect$$libinit$$00000019)
    __rt_lib_init_preinit_1                  0x00000331   Thumb Code     0  libinit2.o(.ARM.Collect$$libinit$$00000004)
    __rt_lib_init_rand_1                     0x00000331   Thumb Code     0  libinit2.o(.ARM.Collect$$libinit$$0000000E)
    __rt_lib_init_return                     0x00000331   Thumb Code     0  libinit2.o(.ARM.Collect$$libinit$$00000033)
    __rt_lib_init_signal_1                   0x00000331   Thumb Code     0  libinit2.o(.ARM.Collect$$libinit$$0000001D)
    __rt_lib_init_stdio_1                    0x00000331   Thumb Code     0  libinit2.o(.ARM.Collect$$libinit$$00000025)
    __rt_lib_init_user_alloc_1               0x00000331   Thumb Code     0  libinit2.o(.ARM.Collect$$libinit$$0000000C)
    __rt_lib_shutdown                        0x00000333   Thumb Code     0  libshutdown.o(.ARM.Collect$$libshutdown$$00000000)
    __rt_lib_shutdown_cpp_1                  0x00000335   Thumb Code     0  libshutdown2.o(.ARM.Collect$$libshutdown$$00000002)
    __rt_lib_shutdown_fp_trap_1              0x00000335   Thumb Code     0  libshutdown2.o(.ARM.Collect$$libshutdown$$00000007)
    __rt_lib_shutdown_heap_1                 0x00000335   Thumb Code     0  libshutdown2.o(.ARM.Collect$$libshutdown$$0000000F)
    __rt_lib_shutdown_return                 0x00000335   Thumb Code     0  libshutdown2.o(.ARM.Collect$$libshutdown$$00000010)
    __rt_lib_shutdown_signal_1               0x00000335   Thumb Code     0  libshutdown2.o(.ARM.Collect$$libshutdown$$0000000A)
    __rt_lib_shutdown_stdio_1                0x00000335   Thumb Code     0  libshutdown2.o(.ARM.Collect$$libshutdown$$00000004)
    __rt_lib_shutdown_user_alloc_1           0x00000335   Thumb Code     0  libshutdown2.o(.ARM.Collect$$libshutdown$$0000000C)
    __rt_entry                               0x00000337   Thumb Code     0  __rtentry.o(.ARM.Collect$$rtentry$$00000000)
    __rt_entry_presh_1                       0x00000337   Thumb Code     0  __rtentry2.o(.ARM.Collect$$rtentry$$00000002)
    __rt_entry_sh                            0x00000337   Thumb Code     0  __rtentry4.o(.ARM.Collect$$rtentry$$00000004)
    __rt_entry_li                            0x0000033d   Thumb Code     0  __rtentry2.o(.ARM.Collect$$rtentry$$0000000A)
    __rt_entry_postsh_1                      0x0000033d   Thumb Code     0  __rtentry2.o(.ARM.Collect$$rtentry$$00000009)
    __rt_entry_main                          0x00000341   Thumb Code     0  __rtentry2.o(.ARM.Collect$$rtentry$$0000000D)
    __rt_entry_postli_1                      0x00000341   Thumb Code     0  __rtentry2.o(.ARM.Collect$$rtentry$$0000000C)
    __rt_exit                                0x00000349   Thumb Code     0  rtexit.o(.ARM.Collect$$rtexit$$00000000)
    __rt_exit_ls                             0x0000034b   Thumb Code     0  rtexit2.o(.ARM.Collect$$rtexit$$00000003)
    __rt_exit_prels_1                        0x0000034b   Thumb Code     0  rtexit2.o(.ARM.Collect$$rtexit$$00000002)
    __rt_exit_exit                           0x0000034f   Thumb Code     0  rtexit2.o(.ARM.Collect$$rtexit$$00000004)
    SVC_Handler                              0x00000355   Thumb Code    28  port.o(.emb_text)
    __asm___6_port_c_39a90d8d__prvStartFirstTask 0x00000375   Thumb Code    36  port.o(.emb_text)
    __asm___6_port_c_39a90d8d__prvEnableVFP  0x0000039d   Thumb Code    16  port.o(.emb_text)
    PendSV_Handler                           0x000003b1   Thumb Code    88  port.o(.emb_text)
    vPortGetIPSR                             0x0000040d   Thumb Code     6  port.o(.emb_text)
    Reset_Handler                            0x00000415   Thumb Code     8  startup_tm4c123.o(.text)
    NMI_Handler                              0x0000041d   Thumb Code     2  startup_tm4c123.o(.text)
    HardFault_Handler                        0x0000041f   Thumb Code     2  startup_tm4c123.o(.text)
    MemManage_Handler                        0x00000421   Thumb Code     2  startup_tm4c123.o(.text)
    BusFault_Handler                         0x00000423   Thumb Code     2  startup_tm4c123.o(.text)
    UsageFault_Handler                       0x00000425   Thumb Code     2  startup_tm4c123.o(.text)
    DebugMon_Handler                         0x00000429   Thumb Code     2  startup_tm4c123.o(.text)
    GPIOA_Handler                            0x0000042f   Thumb Code     2  startup_tm4c123.o(.text)
    GPIOB_Handler                            0x00000431   Thumb Code     2  startup_tm4c123.o(.text)
    GPIOC_Handler                            0x00000433   Thumb Code     2  startup_tm4c123.o(.text)
    GPIOD_Handler                            0x00000435   Thumb Code     2  startup_tm4c123.o(.text)
    GPIOE_Handler                            0x00000437   Thumb Code     2  startup_tm4c123.o(.text)
    UART1_Handler                            0x0000043b   Thumb Code     2  startup_tm4c123.o(.text)
    SSI0_Handler                             0x0000043d   Thumb Code     2  startup_tm4c123.o(.text)
    I2C0_Handler                             0x0000043f   Thumb Code     2  startup_tm4c123.o(.text)
    PMW0_FAULT_Handler                       0x00000441   Thumb Code     2  startup_tm4c123.o(.text)
    PWM0_0_Handler                           0x00000443   Thumb Code     2  startup_tm4c123.o(.text)
    PWM0_1_Handler                           0x00000445   Thumb Code     2  startup_tm4c123.o(.text)
    PWM0_2_Handler                           0x00000447   Thumb Code     2  startup_tm4c123.o(.text)
    QEI0_Handler                             0x00000449   Thumb Code     2  startup_tm4c123.o(.text)
    ADC0SS0_Handler                          0x0000044b   Thumb Code     2  startup_tm4c123.o(.text)
    ADC0SS1_Handler                          0x0000044d   Thumb Code     2  startup_tm4c123.o(.text)
    ADC0SS2_Handler                          0x0000044f   Thumb Code     2  startup_tm4c123.o(.text)
    ADC0SS3_Handler                          0x00000451   Thumb Code     2  startup_tm4c123.o(.text)
    WDT0_Handler                             0x00000453   Thumb Code     2  startup_tm4c123.o(.text)
    TIMER0A_Handler                          0x00000455   Thumb Code     2  startup_tm4c123.o(.text)
    TIMER0B_Handler                          0x00000457   Thumb Code     2  startup_tm4c123.o(.text)
    TIMER1A_Handler                          0x00000459   Thumb Code     2  startup_tm4c123.o(.text)
    TIMER1B_Handler                          0x0000045b   Thumb Code     2  startup_tm4c123.o(.text)
    TIMER2A_Handler                          0x0000045d   Thumb Code     2  startup_tm4c123.o(.text)
    TIMER2B_Handler                          0x0000045f   Thumb Code     2  startup_tm4c123.o(.text)
    COMP0_Handler                            0x00000461   Thumb Code     2  startup_tm4c123.o(.text)
    COMP1_Handler                            0x00000463   Thumb Code     2  startup_tm4c123.o(.text)
    COMP2_Handler                            0x00000465   Thumb Code     2  startup_tm4c123.o(.text)
    SYSCTL_Handler                           0x00000467   Thumb Code     2  startup_tm4c123.o(.text)
    FLASH_Handler                            0x00000469   Thumb Code     2  startup_tm4c123.o(.text)
    GPIOF_Handler                            0x0000046b   Thumb Code     2  startup_tm4c123.o(.text)
    GPIOG_Handler                            0x0000046d   Thumb Code     2  startup_tm4c123.o(.text)
    GPIOH_Handler                            0x0000046f   Thumb Code     2  startup_tm4c123.o(.text)
    UART2_Handler                            0x00000471   Thumb Code     2  startup_tm4c123.o(.text)
    SSI1_Handler                             0x00000473   Thumb Code     2  startup_tm4c123.o(.text)
    TIMER3A_Handler                          0x00000475   Thumb Code     2  startup_tm4c123.o(.text)
    TIMER3B_Handler                          0x00000477   Thumb Code     2  startup_tm4c123.o(.text)
    I2C1_Handler                             0x00000479   Thumb Code     2  startup_tm4c123.o(.text)
    QEI1_Handler                             0x0000047b   Thumb Code     2  startup_tm4c123.o(.text)
    CAN0_Handler                             0x0000047d   Thumb Code     2  startup_tm4c123.o(.text)
    CAN1_Handler                             0x0000047f   Thumb Code     2  startup_tm4c123.o(.text)
    CAN2_Handler                             0x00000481   Thumb Code     2  startup_tm4c123.o(.text)
    HIB_Handler                              0x00000483   Thumb Code     2  startup_tm4c123.o(.text)
    USB0_Handler                             0x00000485   Thumb Code     2  startup_tm4c123.o(.text)
    PWM0_3_Handler                           0x00000487   Thumb Code     2  startup_tm4c123.o(.text)
    UDMA_Handler                             0x00000489   Thumb Code     2  startup_tm4c123.o(.text)
    UDMAERR_Handler                          0x0000048b   Thumb Code     2  startup_tm4c123.o(.text)
    ADC1SS0_Handler                          0x0000048d   Thumb Code     2  startup_tm4c123.o(.text)
    ADC1SS1_Handler                          0x0000048f   Thumb Code     2  startup_tm4c123.o(.text)
    ADC1SS2_Handler                          0x00000491   Thumb Code     2  startup_tm4c123.o(.text)
    ADC1SS3_Handler                          0x00000493   Thumb Code     2  startup_tm4c123.o(.text)
    GPIOJ_Handler                            0x00000495   Thumb Code     2  startup_tm4c123.o(.text)
    GPIOK_Handler                            0x00000497   Thumb Code     2  startup_tm4c123.o(.text)
    GPIOL_Handler                            0x00000499   Thumb Code     2  startup_tm4c123.o(.text)
    SSI2_Handler                             0x0000049b   Thumb Code     2  startup_tm4c123.o(.text)
    SSI3_Handler                             0x0000049d   Thumb Code     2  startup_tm4c123.o(.text)
    UART3_Handler                            0x0000049f   Thumb Code     2  startup_tm4c123.o(.text)
    UART4_Handler                            0x000004a1   Thumb Code     2  startup_tm4c123.o(.text)
    UART5_Handler                            0x000004a3   Thumb Code     2  startup_tm4c123.o(.text)
    UART6_Handler                            0x000004a5   Thumb Code     2  startup_tm4c123.o(.text)
    UART7_Handler                            0x000004a7   Thumb Code     2  startup_tm4c123.o(.text)
    I2C2_Handler                             0x000004a9   Thumb Code     2  startup_tm4c123.o(.text)
    I2C3_Handler                             0x000004ab   Thumb Code     2  startup_tm4c123.o(.text)
    TIMER4A_Handler                          0x000004ad   Thumb Code     2  startup_tm4c123.o(.text)
    TIMER4B_Handler                          0x000004af   Thumb Code     2  startup_tm4c123.o(.text)
    TIMER5A_Handler                          0x000004b1   Thumb Code     2  startup_tm4c123.o(.text)
    TIMER5B_Handler                          0x000004b3   Thumb Code     2  startup_tm4c123.o(.text)
    WTIMER0A_Handler                         0x000004b5   Thumb Code     2  startup_tm4c123.o(.text)
    WTIMER0B_Handler                         0x000004b7   Thumb Code     2  startup_tm4c123.o(.text)
    WTIMER1A_Handler                         0x000004b9   Thumb Code     2  startup_tm4c123.o(.text)
    WTIMER1B_Handler                         0x000004bb   Thumb Code     2  startup_tm4c123.o(.text)
    WTIMER2A_Handler                         0x000004bd   Thumb Code     2  startup_tm4c123.o(.text)
    WTIMER2B_Handler                         0x000004bf   Thumb Code     2  startup_tm4c123.o(.text)
    WTIMER3A_Handler                         0x000004c1   Thumb Code     2  startup_tm4c123.o(.text)
    WTIMER3B_Handler                         0x000004c3   Thumb Code     2  startup_tm4c123.o(.text)
    WTIMER4A_Handler                         0x000004c5   Thumb Code     2  startup_tm4c123.o(.text)
    WTIMER4B_Handler                         0x000004c7   Thumb Code     2  startup_tm4c123.o(.text)
    WTIMER5A_Handler                         0x000004c9   Thumb Code     2  startup_tm4c123.o(.text)
    WTIMER5B_Handler                         0x000004cb   Thumb Code     2  startup_tm4c123.o(.text)
    FPU_Handler                              0x000004cd   Thumb Code     2  startup_tm4c123.o(.text)
    I2C4_Handler                             0x000004cf   Thumb Code     2  startup_tm4c123.o(.text)
    I2C5_Handler                             0x000004d1   Thumb Code     2  startup_tm4c123.o(.text)
    GPIOM_Handler                            0x000004d3   Thumb Code     2  startup_tm4c123.o(.text)
    GPION_Handler                            0x000004d5   Thumb Code     2  startup_tm4c123.o(.text)
    QEI2_Handler                             0x000004d7   Thumb Code     2  startup_tm4c123.o(.text)
    GPIOP0_Handler                           0x000004d9   Thumb Code     2  startup_tm4c123.o(.text)
    GPIOP1_Handler                           0x000004db   Thumb Code     2  startup_tm4c123.o(.text)
    GPIOP2_Handler                           0x000004dd   Thumb Code     2  startup_tm4c123.o(.text)
    GPIOP3_Handler                           0x000004df   Thumb Code     2  startup_tm4c123.o(.text)
    GPIOP4_Handler                           0x000004e1   Thumb Code     2  startup_tm4c123.o(.text)
    GPIOP5_Handler                           0x000004e3   Thumb Code     2  startup_tm4c123.o(.text)
    GPIOP6_Handler                           0x000004e5   Thumb Code     2  startup_tm4c123.o(.text)
    GPIOP7_Handler                           0x000004e7   Thumb Code     2  startup_tm4c123.o(.text)
    GPIOQ0_Handler                           0x000004e9   Thumb Code     2  startup_tm4c123.o(.text)
    GPIOQ1_Handler                           0x000004eb   Thumb Code     2  startup_tm4c123.o(.text)
    GPIOQ2_Handler                           0x000004ed   Thumb Code     2  startup_tm4c123.o(.text)
    GPIOQ3_Handler                           0x000004ef   Thumb Code     2  startup_tm4c123.o(.text)
    GPIOQ4_Handler                           0x000004f1   Thumb Code     2  startup_tm4c123.o(.text)
    GPIOQ5_Handler                           0x000004f3   Thumb Code     2  startup_tm4c123.o(.text)
    GPIOQ6_Handler                           0x000004f5   Thumb Code     2  startup_tm4c123.o(.text)
    GPIOQ7_Handler                           0x000004f7   Thumb Code     2  startup_tm4c123.o(.text)
    GPIOR_Handler                            0x000004f9   Thumb Code     2  startup_tm4c123.o(.text)
    GPIOS_Handler                            0x000004fb   Thumb Code     2  startup_tm4c123.o(.text)
    PMW1_0_Handler                           0x000004fd   Thumb Code     2  startup_tm4c123.o(.text)
    PWM1_1_Handler                           0x000004ff   Thumb Code     2  startup_tm4c123.o(.text)
    PWM1_2_Handler                           0x00000501   Thumb Code     2  startup_tm4c123.o(.text)
    PWM1_3_Handler                           0x00000503   Thumb Code     2  startup_tm4c123.o(.text)
    PWM1_FAULT_Handler                       0x00000505   Thumb Code     2  startup_tm4c123.o(.text)
    __user_initial_stackheap                 0x00000509   Thumb Code     0  startup_tm4c123.o(.text)
    __2sprintf                               0x00000529   Thumb Code    34  noretval__2sprintf.o(.text)
    __printf                                 0x00000551   Thumb Code   104  __printf.o(.text)
    _printf_int_dec                          0x000005b9   Thumb Code   104  _printf_dec.o(.text)
    __aeabi_memcpy                           0x00000631   Thumb Code     0  rt_memcpy_v6.o(.text)
    __rt_memcpy                              0x00000631   Thumb Code   138  rt_memcpy_v6.o(.text)
    _memcpy_lastbytes                        0x00000697   Thumb Code     0  rt_memcpy_v6.o(.text)
    __aeabi_memset                           0x000006bb   Thumb Code    16  aeabi_memset.o(.text)
    __aeabi_memclr                           0x000006cb   Thumb Code     0  rt_memclr.o(.text)
    __rt_memclr                              0x000006cb   Thumb Code    68  rt_memclr.o(.text)
    _memset                                  0x000006cf   Thumb Code     0  rt_memclr.o(.text)
    __aeabi_memclr4                          0x0000070f   Thumb Code     0  rt_memclr_w.o(.text)
    __aeabi_memclr8                          0x0000070f   Thumb Code     0  rt_memclr_w.o(.text)
    __rt_memclr_w                            0x0000070f   Thumb Code    78  rt_memclr_w.o(.text)
    _memset_w                                0x00000713   Thumb Code     0  rt_memclr_w.o(.text)
    __use_two_region_memory                  0x0000075d   Thumb Code     2  heapauxi.o(.text)
    __rt_heap_escrow$2region                 0x0000075f   Thumb Code     2  heapauxi.o(.text)
    __rt_heap_expand$2region                 0x00000761   Thumb Code     2  heapauxi.o(.text)
    _printf_int_common                       0x00000763   Thumb Code   178  _printf_intcommon.o(.text)
    _printf_char_common                      0x0000081f   Thumb Code    32  _printf_char_common.o(.text)
    _sputc                                   0x00000845   Thumb Code    10  _sputc.o(.text)
    __aeabi_memcpy4                          0x0000084f   Thumb Code     0  rt_memcpy_w.o(.text)
    __aeabi_memcpy8                          0x0000084f   Thumb Code     0  rt_memcpy_w.o(.text)
    __rt_memcpy_w                            0x0000084f   Thumb Code   100  rt_memcpy_w.o(.text)
    _memcpy_lastbytes_aligned                0x00000897   Thumb Code     0  rt_memcpy_w.o(.text)
    __user_setup_stackheap                   0x000008b3   Thumb Code    74  sys_stackheap_outer.o(.text)
    exit                                     0x000008fd   Thumb Code    18  exit.o(.text)
    __user_libspace                          0x00000911   Thumb Code     8  libspace.o(.text)
    __user_perproc_libspace                  0x00000911   Thumb Code     0  libspace.o(.text)
    __user_perthread_libspace                0x00000911   Thumb Code     0  libspace.o(.text)
    _sys_exit                                0x00000919   Thumb Code     8  sys_exit.o(.text)
    __I$use$semihosting                      0x00000925   Thumb Code     0  use_no_semi.o(.text)
    __use_no_semihosting_swi                 0x00000925   Thumb Code     2  use_no_semi.o(.text)
    __semihosting_library_function           0x00000927   Thumb Code     0  indicate_semi.o(.text)
    SysTick_Handler                          0x00000929   Thumb Code    46  port.o(i.SysTick_Handler)
    SystemInit                               0x0000095d   Thumb Code    14  system_tm4c123.o(i.SystemInit)
    UART0_Handler                            0x00000971   Thumb Code   106  main.o(i.UART0_Handler)
    clearUART0INT                            0x000009e1   Thumb Code    14  bsp.o(i.clearUART0INT)
    eTaskConfirmSleepModeStatus              0x00000d89   Thumb Code    52  tasks.o(i.eTaskConfirmSleepModeStatus)
    main                                     0x000013f1   Thumb Code   156  main.o(i.main)
    memsetf                                  0x000014ed   Thumb Code    20  snake.o(i.memsetf)
    print                                    0x00001501   Thumb Code    34  bsp.o(i.print)
    printn                                   0x00001523   Thumb Code    38  bsp.o(i.printn)
    pvPortMalloc                             0x00002109   Thumb Code   280  heap_4.o(i.pvPortMalloc)
    pvTaskIncrementMutexHeldCount            0x00002235   Thumb Code    26  tasks.o(i.pvTaskIncrementMutexHeldCount)
    pxPortInitialiseStack                    0x00002255   Thumb Code    38  port.o(i.pxPortInitialiseStack)
    readChar                                 0x00002281   Thumb Code    22  bsp.o(i.readChar)
    uart0_init                               0x0000229d   Thumb Code   190  bsp.o(i.uart0_init)
    uart0_putchar                            0x00002379   Thumb Code    20  bsp.o(i.uart0_putchar)
    uxListRemove                             0x00002391   Thumb Code    40  list.o(i.uxListRemove)
    uxTaskGetNumberOfTasks                   0x000023b9   Thumb Code     6  tasks.o(i.uxTaskGetNumberOfTasks)
    uxTaskPriorityGet                        0x000023c5   Thumb Code    30  tasks.o(i.uxTaskPriorityGet)
    vApplicationIdleHook                     0x000023e9   Thumb Code     4  main.o(i.vApplicationIdleHook)
    vListInitialise                          0x000023ed   Thumb Code    26  list.o(i.vListInitialise)
    vListInitialiseItem                      0x00002407   Thumb Code     6  list.o(i.vListInitialiseItem)
    vListInsert                              0x0000240d   Thumb Code    52  list.o(i.vListInsert)
    vListInsertEnd                           0x00002441   Thumb Code    24  list.o(i.vListInsertEnd)
    vPortEnterCritical                       0x00002459   Thumb Code    76  port.o(i.vPortEnterCritical)
    vPortExitCritical                        0x000024ad   Thumb Code    56  port.o(i.vPortExitCritical)
    vPortFree                                0x000024e9   Thumb Code   132  heap_4.o(i.vPortFree)
    vPortSetupTimerInterrupt                 0x00002575   Thumb Code    86  port.o(i.vPortSetupTimerInterrupt)
    vPortSuppressTicksAndSleep               0x000025dd   Thumb Code   306  port.o(i.vPortSuppressTicksAndSleep)
    vPortValidateInterruptPriority           0x00002721   Thumb Code   106  port.o(i.vPortValidateInterruptPriority)
    vQueueWaitForMessageRestricted           0x00002799   Thumb Code    74  queue.o(i.vQueueWaitForMessageRestricted)
    vTaskDelay                               0x000027e5   Thumb Code    82  tasks.o(i.vTaskDelay)
    vTaskDelete                              0x00002841   Thumb Code   210  tasks.o(i.vTaskDelete)
    vTaskInternalSetTimeOutState             0x0000293d   Thumb Code    14  tasks.o(i.vTaskInternalSetTimeOutState)
    vTaskMissedYield                         0x00002955   Thumb Code     8  tasks.o(i.vTaskMissedYield)
    vTaskPlaceOnEventList                    0x00002961   Thumb Code    52  tasks.o(i.vTaskPlaceOnEventList)
    vTaskPlaceOnEventListRestricted          0x00002999   Thumb Code    94  tasks.o(i.vTaskPlaceOnEventListRestricted)
    vTaskPriorityDisinheritAfterTimeout      0x000029fd   Thumb Code   268  tasks.o(i.vTaskPriorityDisinheritAfterTimeout)
    vTaskStartScheduler                      0x00002b15   Thumb Code   124  tasks.o(i.vTaskStartScheduler)
    vTaskStepTick                            0x00002bb1   Thumb Code   154  tasks.o(i.vTaskStepTick)
    vTaskSuspendAll                          0x00002c5d   Thumb Code    12  tasks.o(i.vTaskSuspendAll)
    vTaskSwitchContext                       0x00002c6d   Thumb Code   118  tasks.o(i.vTaskSwitchContext)
    vTickTimerCallback                       0x00002cf9   Thumb Code    12  main.o(i.vTickTimerCallback)
    xPortStartScheduler                      0x00002d09   Thumb Code   330  port.o(i.xPortStartScheduler)
    xQueueCreateMutex                        0x00002e71   Thumb Code    34  queue.o(i.xQueueCreateMutex)
    xQueueGenericCreate                      0x00002e93   Thumb Code   102  queue.o(i.xQueueGenericCreate)
    xQueueGenericReset                       0x00002ef9   Thumb Code   214  queue.o(i.xQueueGenericReset)
    xQueueGenericSend                        0x00002fd5   Thumb Code   466  queue.o(i.xQueueGenericSend)
    xQueueGenericSendFromISR                 0x000031ad   Thumb Code   324  queue.o(i.xQueueGenericSendFromISR)
    xQueueReceive                            0x000032f1   Thumb Code   356  queue.o(i.xQueueReceive)
    xQueueSemaphoreTake                      0x00003459   Thumb Code   398  queue.o(i.xQueueSemaphoreTake)
    xTaskCheckForTimeOut                     0x000035ed   Thumb Code   160  tasks.o(i.xTaskCheckForTimeOut)
    xTaskCreate                              0x00003699   Thumb Code   104  tasks.o(i.xTaskCreate)
    xTaskGetSchedulerState                   0x00003701   Thumb Code    24  tasks.o(i.xTaskGetSchedulerState)
    xTaskGetTickCount                        0x00003721   Thumb Code     6  tasks.o(i.xTaskGetTickCount)
    xTaskIncrementTick                       0x0000372d   Thumb Code   398  tasks.o(i.xTaskIncrementTick)
    xTaskPriorityDisinherit                  0x000038e9   Thumb Code   226  tasks.o(i.xTaskPriorityDisinherit)
    xTaskPriorityInherit                     0x000039d9   Thumb Code   224  tasks.o(i.xTaskPriorityInherit)
    xTaskRemoveFromEventList                 0x00003ac5   Thumb Code   268  tasks.o(i.xTaskRemoveFromEventList)
    xTaskResumeAll                           0x00003be9   Thumb Code   338  tasks.o(i.xTaskResumeAll)
    xTimerCreate                             0x00003d61   Thumb Code    54  timers.o(i.xTimerCreate)
    xTimerCreateTimerTask                    0x00003d99   Thumb Code    64  timers.o(i.xTimerCreateTimerTask)
    xTimerGenericCommand                     0x00003ded   Thumb Code   128  timers.o(i.xTimerGenericCommand)
    xorshift32                               0x00003e71   Thumb Code    22  xorshift.o(i.xorshift32)
    _fp_init                                 0x00003e87   Thumb Code    10  fpinit.o(x$fpl$fpinit)
    __fplib_config_fpu_vfp                   0x00003e8f   Thumb Code     0  fpinit.o(x$fpl$fpinit)
    __fplib_config_pureend_doubles           0x00003e8f   Thumb Code     0  fpinit.o(x$fpl$fpinit)
    Region$$Table$$Base                      0x00003e90   Number         0  anon$$obj.o(Region$$Table)
    Region$$Table$$Limit                     0x00003eb0   Number         0  anon$$obj.o(Region$$Table)
    xMutex                                   0x20000000   Data           4  main.o(.data)
    xTickTimer                               0x20000004   Data           4  main.o(.data)
    dTask                                    0x20000008   Data           4  main.o(.data)
    gTask                                    0x2000000c   Data           4  main.o(.data)
    iTask                                    0x20000010   Data           4  main.o(.data)
    snakeLength                              0x20000014   Data           2  main.o(.data)
    drawFirst                                0x20000016   Data           1  main.o(.data)
    timerStarted                             0x20000017   Data           1  main.o(.data)
    gameOver                                 0x20000018   Data           1  main.o(.data)
    removeTail                               0x20000019   Data           1  main.o(.data)
    win                                      0x2000001a   Data           1  main.o(.data)
    specialHidden                            0x2000001b   Data           1  main.o(.data)
    specialAppear                            0x2000001c   Data           1  main.o(.data)
    specialHide                              0x2000001d   Data           1  main.o(.data)
    speed                                    0x20000020   Data           4  main.o(.data)
    score                                    0x20000024   Data           2  main.o(.data)
    highestScore                             0x20000026   Data           2  main.o(.data)
    winScore                                 0x20000028   Data           2  main.o(.data)
    time                                     0x2000002a   Data           2  main.o(.data)
    powerupXPlusPos                          0x2000002c   Data           4  main.o(.data)
    powerupXPlusPtr                          0x20000030   Data           4  main.o(.data)
    powerupXDollarPos                        0x20000034   Data           4  main.o(.data)
    powerupXDollarPtr                        0x20000038   Data           4  main.o(.data)
    powerupYPlusPos                          0x2000003c   Data           4  main.o(.data)
    powerupYPlusPtr                          0x20000040   Data           4  main.o(.data)
    powerupYDollarPos                        0x20000044   Data           4  main.o(.data)
    powerupYDollarPtr                        0x20000048   Data           4  main.o(.data)
    snake                                    0x2000004c   Data        3840  main.o(.data)
    direction                                0x20000f4c   Data           1  main.o(.data)
    SystemCoreClock                          0x20000f50   Data           4  system_tm4c123.o(.data)
    pxCurrentTCB                             0x20000f88   Data           4  tasks.o(.data)
    uxTopUsedPriority                        0x20000fc0   Data           4  tasks.o(.data)
    screen                                   0x20000fdc   Data        1920  main.o(.bss)
    buffer                                   0x2000175c   Data          10  main.o(.bss)
    __libspace_start                         0x20003858   Data          96  libspace.o(.bss)
    __temporary_stack_top$libspace           0x200038b8   Data           0  libspace.o(.bss)



==============================================================================

Memory Map of the image

  Image Entry point : 0x00000415

  Load Region LR_1 (Base: 0x00000000, Size: 0x00004e8c, Max: 0xffffffff, ABSOLUTE, COMPRESSED[0x00003f00])

    Execution Region ER_RO (Exec base: 0x00000000, Load base: 0x00000000, Size: 0x00003eb0, Max: 0xffffffff, ABSOLUTE)

    Exec Addr    Load Addr    Size         Type   Attr      Idx    E Section Name        Object

    0x00000000   0x00000000   0x0000026c   Data   RO          187    RESET               startup_tm4c123.o
    0x0000026c   0x0000026c   0x00000008   Code   RO         1357  * !!!main             c_w.l(__main.o)
    0x00000274   0x00000274   0x00000034   Code   RO         1527    !!!scatter          c_w.l(__scatter.o)
    0x000002a8   0x000002a8   0x0000005a   Code   RO         1525    !!dczerorl2         c_w.l(__dczerorl2.o)
    0x00000302   0x00000302   0x00000002   PAD
    0x00000304   0x00000304   0x0000001c   Code   RO         1529    !!handler_zi        c_w.l(__scatter_zi.o)
    0x00000320   0x00000320   0x00000000   Code   RO         1344    .ARM.Collect$$_printf_percent$$00000000  c_w.l(_printf_percent.o)
    0x00000320   0x00000320   0x00000006   Code   RO         1343    .ARM.Collect$$_printf_percent$$00000009  c_w.l(_printf_d.o)
    0x00000326   0x00000326   0x00000004   Code   RO         1366    .ARM.Collect$$_printf_percent$$00000017  c_w.l(_printf_percent_end.o)
    0x0000032a   0x0000032a   0x00000002   Code   RO         1395    .ARM.Collect$$libinit$$00000000  c_w.l(libinit.o)
    0x0000032c   0x0000032c   0x00000004   Code   RO         1401    .ARM.Collect$$libinit$$00000001  c_w.l(libinit2.o)
    0x00000330   0x00000330   0x00000000   Code   RO         1404    .ARM.Collect$$libinit$$00000004  c_w.l(libinit2.o)
    0x00000330   0x00000330   0x00000000   Code   RO         1407    .ARM.Collect$$libinit$$0000000A  c_w.l(libinit2.o)
    0x00000330   0x00000330   0x00000000   Code   RO         1409    .ARM.Collect$$libinit$$0000000C  c_w.l(libinit2.o)
    0x00000330   0x00000330   0x00000000   Code   RO         1411    .ARM.Collect$$libinit$$0000000E  c_w.l(libinit2.o)
    0x00000330   0x00000330   0x00000000   Code   RO         1414    .ARM.Collect$$libinit$$00000011  c_w.l(libinit2.o)
    0x00000330   0x00000330   0x00000000   Code   RO         1416    .ARM.Collect$$libinit$$00000013  c_w.l(libinit2.o)
    0x00000330   0x00000330   0x00000000   Code   RO         1418    .ARM.Collect$$libinit$$00000015  c_w.l(libinit2.o)
    0x00000330   0x00000330   0x00000000   Code   RO         1420    .ARM.Collect$$libinit$$00000017  c_w.l(libinit2.o)
    0x00000330   0x00000330   0x00000000   Code   RO         1422    .ARM.Collect$$libinit$$00000019  c_w.l(libinit2.o)
    0x00000330   0x00000330   0x00000000   Code   RO         1424    .ARM.Collect$$libinit$$0000001B  c_w.l(libinit2.o)
    0x00000330   0x00000330   0x00000000   Code   RO         1426    .ARM.Collect$$libinit$$0000001D  c_w.l(libinit2.o)
    0x00000330   0x00000330   0x00000000   Code   RO         1428    .ARM.Collect$$libinit$$0000001F  c_w.l(libinit2.o)
    0x00000330   0x00000330   0x00000000   Code   RO         1430    .ARM.Collect$$libinit$$00000021  c_w.l(libinit2.o)
    0x00000330   0x00000330   0x00000000   Code   RO         1432    .ARM.Collect$$libinit$$00000023  c_w.l(libinit2.o)
    0x00000330   0x00000330   0x00000000   Code   RO         1434    .ARM.Collect$$libinit$$00000025  c_w.l(libinit2.o)
    0x00000330   0x00000330   0x00000000   Code   RO         1438    .ARM.Collect$$libinit$$0000002C  c_w.l(libinit2.o)
    0x00000330   0x00000330   0x00000000   Code   RO         1440    .ARM.Collect$$libinit$$0000002E  c_w.l(libinit2.o)
    0x00000330   0x00000330   0x00000000   Code   RO         1442    .ARM.Collect$$libinit$$00000030  c_w.l(libinit2.o)
    0x00000330   0x00000330   0x00000000   Code   RO         1444    .ARM.Collect$$libinit$$00000032  c_w.l(libinit2.o)
    0x00000330   0x00000330   0x00000002   Code   RO         1445    .ARM.Collect$$libinit$$00000033  c_w.l(libinit2.o)
    0x00000332   0x00000332   0x00000002   Code   RO         1465    .ARM.Collect$$libshutdown$$00000000  c_w.l(libshutdown.o)
    0x00000334   0x00000334   0x00000000   Code   RO         1478    .ARM.Collect$$libshutdown$$00000002  c_w.l(libshutdown2.o)
    0x00000334   0x00000334   0x00000000   Code   RO         1480    .ARM.Collect$$libshutdown$$00000004  c_w.l(libshutdown2.o)
    0x00000334   0x00000334   0x00000000   Code   RO         1483    .ARM.Collect$$libshutdown$$00000007  c_w.l(libshutdown2.o)
    0x00000334   0x00000334   0x00000000   Code   RO         1486    .ARM.Collect$$libshutdown$$0000000A  c_w.l(libshutdown2.o)
    0x00000334   0x00000334   0x00000000   Code   RO         1488    .ARM.Collect$$libshutdown$$0000000C  c_w.l(libshutdown2.o)
    0x00000334   0x00000334   0x00000000   Code   RO         1491    .ARM.Collect$$libshutdown$$0000000F  c_w.l(libshutdown2.o)
    0x00000334   0x00000334   0x00000002   Code   RO         1492    .ARM.Collect$$libshutdown$$00000010  c_w.l(libshutdown2.o)
    0x00000336   0x00000336   0x00000000   Code   RO         1359    .ARM.Collect$$rtentry$$00000000  c_w.l(__rtentry.o)
    0x00000336   0x00000336   0x00000000   Code   RO         1370    .ARM.Collect$$rtentry$$00000002  c_w.l(__rtentry2.o)
    0x00000336   0x00000336   0x00000006   Code   RO         1382    .ARM.Collect$$rtentry$$00000004  c_w.l(__rtentry4.o)
    0x0000033c   0x0000033c   0x00000000   Code   RO         1372    .ARM.Collect$$rtentry$$00000009  c_w.l(__rtentry2.o)
    0x0000033c   0x0000033c   0x00000004   Code   RO         1373    .ARM.Collect$$rtentry$$0000000A  c_w.l(__rtentry2.o)
    0x00000340   0x00000340   0x00000000   Code   RO         1375    .ARM.Collect$$rtentry$$0000000C  c_w.l(__rtentry2.o)
    0x00000340   0x00000340   0x00000008   Code   RO         1376    .ARM.Collect$$rtentry$$0000000D  c_w.l(__rtentry2.o)
    0x00000348   0x00000348   0x00000002   Code   RO         1399    .ARM.Collect$$rtexit$$00000000  c_w.l(rtexit.o)
    0x0000034a   0x0000034a   0x00000000   Code   RO         1447    .ARM.Collect$$rtexit$$00000002  c_w.l(rtexit2.o)
    0x0000034a   0x0000034a   0x00000004   Code   RO         1448    .ARM.Collect$$rtexit$$00000003  c_w.l(rtexit2.o)
    0x0000034e   0x0000034e   0x00000006   Code   RO         1449    .ARM.Collect$$rtexit$$00000004  c_w.l(rtexit2.o)
    0x00000354   0x00000354   0x000000be   Code   RO          392    .emb_text           port.o
    0x00000412   0x00000412   0x00000002   PAD
    0x00000414   0x00000414   0x00000114   Code   RO          188  * .text               startup_tm4c123.o
    0x00000528   0x00000528   0x00000028   Code   RO         1317    .text               c_w.l(noretval__2sprintf.o)
    0x00000550   0x00000550   0x00000068   Code   RO         1319    .text               c_w.l(__printf.o)
    0x000005b8   0x000005b8   0x00000078   Code   RO         1321    .text               c_w.l(_printf_dec.o)
    0x00000630   0x00000630   0x0000008a   Code   RO         1347    .text               c_w.l(rt_memcpy_v6.o)
    0x000006ba   0x000006ba   0x00000010   Code   RO         1349    .text               c_w.l(aeabi_memset.o)
    0x000006ca   0x000006ca   0x00000044   Code   RO         1351    .text               c_w.l(rt_memclr.o)
    0x0000070e   0x0000070e   0x0000004e   Code   RO         1353    .text               c_w.l(rt_memclr_w.o)
    0x0000075c   0x0000075c   0x00000006   Code   RO         1355    .text               c_w.l(heapauxi.o)
    0x00000762   0x00000762   0x000000b2   Code   RO         1360    .text               c_w.l(_printf_intcommon.o)
    0x00000814   0x00000814   0x00000030   Code   RO         1362    .text               c_w.l(_printf_char_common.o)
    0x00000844   0x00000844   0x0000000a   Code   RO         1364    .text               c_w.l(_sputc.o)
    0x0000084e   0x0000084e   0x00000064   Code   RO         1367    .text               c_w.l(rt_memcpy_w.o)
    0x000008b2   0x000008b2   0x0000004a   Code   RO         1386    .text               c_w.l(sys_stackheap_outer.o)
    0x000008fc   0x000008fc   0x00000012   Code   RO         1388    .text               c_w.l(exit.o)
    0x0000090e   0x0000090e   0x00000002   PAD
    0x00000910   0x00000910   0x00000008   Code   RO         1396    .text               c_w.l(libspace.o)
    0x00000918   0x00000918   0x0000000c   Code   RO         1457    .text               c_w.l(sys_exit.o)
    0x00000924   0x00000924   0x00000002   Code   RO         1468    .text               c_w.l(use_no_semi.o)
    0x00000926   0x00000926   0x00000000   Code   RO         1470    .text               c_w.l(indicate_semi.o)
    0x00000926   0x00000926   0x00000002   PAD
    0x00000928   0x00000928   0x00000034   Code   RO          393    i.SysTick_Handler   port.o
    0x0000095c   0x0000095c   0x00000014   Code   RO          197    i.SystemInit        system_tm4c123.o
    0x00000970   0x00000970   0x00000070   Code   RO            1    i.UART0_Handler     main.o
    0x000009e0   0x000009e0   0x00000014   Code   RO          116    i.clearUART0INT     bsp.o
    0x000009f4   0x000009f4   0x00000394   Code   RO            2    i.drawTask          main.o
    0x00000d88   0x00000d88   0x00000048   Code   RO          727    i.eTaskConfirmSleepModeStatus  tasks.o
    0x00000dd0   0x00000dd0   0x000003ec   Code   RO            3    i.gameTask          main.o
    0x000011bc   0x000011bc   0x00000234   Code   RO            4    i.initTask          main.o
    0x000013f0   0x000013f0   0x000000fc   Code   RO            5    i.main              main.o
    0x000014ec   0x000014ec   0x00000014   Code   RO          161    i.memsetf           snake.o
    0x00001500   0x00001500   0x00000022   Code   RO          117    i.print             bsp.o
    0x00001522   0x00001522   0x00000026   Code   RO          118    i.printn            bsp.o
    0x00001548   0x00001548   0x000000cc   Code   RO          730    i.prvAddCurrentTaskToDelayedList  tasks.o
    0x00001614   0x00001614   0x000000ec   Code   RO          731    i.prvAddNewTaskToReadyList  tasks.o
    0x00001700   0x00001700   0x0000004c   Code   RO         1145    i.prvCheckForValidListAndQueue  timers.o
    0x0000174c   0x0000174c   0x00000048   Code   RO          732    i.prvCheckTasksWaitingTermination  tasks.o
    0x00001794   0x00001794   0x0000002a   Code   RO          475    i.prvCopyDataFromQueue  queue.o
    0x000017be   0x000017be   0x0000007e   Code   RO          476    i.prvCopyDataToQueue  queue.o
    0x0000183c   0x0000183c   0x00000012   Code   RO          733    i.prvDeleteTCB      tasks.o
    0x0000184e   0x0000184e   0x00000014   Code   RO          477    i.prvGetDisinheritPriorityAfterTimeout  queue.o
    0x00001862   0x00001862   0x00000002   PAD
    0x00001864   0x00001864   0x0000004c   Code   RO          734    i.prvGetExpectedIdleTime  tasks.o
    0x000018b0   0x000018b0   0x00000028   Code   RO         1146    i.prvGetNextExpireTime  timers.o
    0x000018d8   0x000018d8   0x00000070   Code   RO          319    i.prvHeapInit       heap_4.o
    0x00001948   0x00001948   0x00000080   Code   RO          735    i.prvIdleTask       tasks.o
    0x000019c8   0x000019c8   0x0000001e   Code   RO          478    i.prvInitialiseMutex  queue.o
    0x000019e6   0x000019e6   0x0000002e   Code   RO          479    i.prvInitialiseNewQueue  queue.o
    0x00001a14   0x00001a14   0x000000cc   Code   RO          736    i.prvInitialiseNewTask  tasks.o
    0x00001ae0   0x00001ae0   0x00000058   Code   RO         1147    i.prvInitialiseNewTimer  timers.o
    0x00001b38   0x00001b38   0x00000068   Code   RO          737    i.prvInitialiseTaskLists  tasks.o
    0x00001ba0   0x00001ba0   0x00000068   Code   RO          320    i.prvInsertBlockIntoFreeList  heap_4.o
    0x00001c08   0x00001c08   0x00000058   Code   RO         1148    i.prvInsertTimerInActiveList  timers.o
    0x00001c60   0x00001c60   0x0000001a   Code   RO          480    i.prvIsQueueEmpty   queue.o
    0x00001c7a   0x00001c7a   0x0000001e   Code   RO          481    i.prvIsQueueFull    queue.o
    0x00001c98   0x00001c98   0x000000b8   Code   RO          482    i.prvNotifyQueueSetContainer  queue.o
    0x00001d50   0x00001d50   0x00000044   Code   RO         1149    i.prvProcessExpiredTimer  timers.o
    0x00001d94   0x00001d94   0x0000014c   Code   RO         1150    i.prvProcessReceivedCommands  timers.o
    0x00001ee0   0x00001ee0   0x00000074   Code   RO         1151    i.prvProcessTimerOrBlockTask  timers.o
    0x00001f54   0x00001f54   0x00000028   Code   RO         1152    i.prvReloadTimer    timers.o
    0x00001f7c   0x00001f7c   0x00000030   Code   RO          739    i.prvResetNextTaskUnblockTime  tasks.o
    0x00001fac   0x00001fac   0x0000002c   Code   RO         1153    i.prvSampleTimeNow  timers.o
    0x00001fd8   0x00001fd8   0x00000044   Code   RO         1154    i.prvSwitchTimerLists  timers.o
    0x0000201c   0x0000201c   0x00000040   Code   RO          394    i.prvTaskExitError  port.o
    0x0000205c   0x0000205c   0x0000001a   Code   RO         1155    i.prvTimerTask      timers.o
    0x00002076   0x00002076   0x00000090   Code   RO          483    i.prvUnlockQueue    queue.o
    0x00002106   0x00002106   0x00000002   PAD
    0x00002108   0x00002108   0x0000012c   Code   RO          322    i.pvPortMalloc      heap_4.o
    0x00002234   0x00002234   0x00000020   Code   RO          743    i.pvTaskIncrementMutexHeldCount  tasks.o
    0x00002254   0x00002254   0x0000002c   Code   RO          395    i.pxPortInitialiseStack  port.o
    0x00002280   0x00002280   0x0000001c   Code   RO          119    i.readChar          bsp.o
    0x0000229c   0x0000229c   0x000000dc   Code   RO          120    i.uart0_init        bsp.o
    0x00002378   0x00002378   0x00000018   Code   RO          121    i.uart0_putchar     bsp.o
    0x00002390   0x00002390   0x00000028   Code   RO          268    i.uxListRemove      list.o
    0x000023b8   0x000023b8   0x0000000c   Code   RO          746    i.uxTaskGetNumberOfTasks  tasks.o
    0x000023c4   0x000023c4   0x00000024   Code   RO          751    i.uxTaskPriorityGet  tasks.o
    0x000023e8   0x000023e8   0x00000004   Code   RO            6    i.vApplicationIdleHook  main.o
    0x000023ec   0x000023ec   0x0000001a   Code   RO          269    i.vListInitialise   list.o
    0x00002406   0x00002406   0x00000006   Code   RO          270    i.vListInitialiseItem  list.o
    0x0000240c   0x0000240c   0x00000034   Code   RO          271    i.vListInsert       list.o
    0x00002440   0x00002440   0x00000018   Code   RO          272    i.vListInsertEnd    list.o
    0x00002458   0x00002458   0x00000054   Code   RO          397    i.vPortEnterCritical  port.o
    0x000024ac   0x000024ac   0x0000003c   Code   RO          398    i.vPortExitCritical  port.o
    0x000024e8   0x000024e8   0x0000008c   Code   RO          323    i.vPortFree         heap_4.o
    0x00002574   0x00002574   0x00000068   Code   RO          399    i.vPortSetupTimerInterrupt  port.o
    0x000025dc   0x000025dc   0x00000144   Code   RO          400    i.vPortSuppressTicksAndSleep  port.o
    0x00002720   0x00002720   0x00000078   Code   RO          401    i.vPortValidateInterruptPriority  port.o
    0x00002798   0x00002798   0x0000004a   Code   RO          491    i.vQueueWaitForMessageRestricted  queue.o
    0x000027e2   0x000027e2   0x00000002   PAD
    0x000027e4   0x000027e4   0x0000005c   Code   RO          754    i.vTaskDelay        tasks.o
    0x00002840   0x00002840   0x000000fc   Code   RO          755    i.vTaskDelete       tasks.o
    0x0000293c   0x0000293c   0x00000018   Code   RO          759    i.vTaskInternalSetTimeOutState  tasks.o
    0x00002954   0x00002954   0x0000000c   Code   RO          760    i.vTaskMissedYield  tasks.o
    0x00002960   0x00002960   0x00000038   Code   RO          761    i.vTaskPlaceOnEventList  tasks.o
    0x00002998   0x00002998   0x00000064   Code   RO          762    i.vTaskPlaceOnEventListRestricted  tasks.o
    0x000029fc   0x000029fc   0x00000118   Code   RO          764    i.vTaskPriorityDisinheritAfterTimeout  tasks.o
    0x00002b14   0x00002b14   0x0000009c   Code   RO          770    i.vTaskStartScheduler  tasks.o
    0x00002bb0   0x00002bb0   0x000000ac   Code   RO          771    i.vTaskStepTick     tasks.o
    0x00002c5c   0x00002c5c   0x00000010   Code   RO          773    i.vTaskSuspendAll   tasks.o
    0x00002c6c   0x00002c6c   0x0000008c   Code   RO          774    i.vTaskSwitchContext  tasks.o
    0x00002cf8   0x00002cf8   0x00000010   Code   RO            7    i.vTickTimerCallback  main.o
    0x00002d08   0x00002d08   0x00000168   Code   RO          402    i.xPortStartScheduler  port.o
    0x00002e70   0x00002e70   0x00000022   Code   RO          494    i.xQueueCreateMutex  queue.o
    0x00002e92   0x00002e92   0x00000066   Code   RO          496    i.xQueueGenericCreate  queue.o
    0x00002ef8   0x00002ef8   0x000000dc   Code   RO          497    i.xQueueGenericReset  queue.o
    0x00002fd4   0x00002fd4   0x000001d8   Code   RO          498    i.xQueueGenericSend  queue.o
    0x000031ac   0x000031ac   0x00000144   Code   RO          499    i.xQueueGenericSendFromISR  queue.o
    0x000032f0   0x000032f0   0x00000168   Code   RO          508    i.xQueueReceive     queue.o
    0x00003458   0x00003458   0x00000194   Code   RO          513    i.xQueueSemaphoreTake  queue.o
    0x000035ec   0x000035ec   0x000000ac   Code   RO          777    i.xTaskCheckForTimeOut  tasks.o
    0x00003698   0x00003698   0x00000068   Code   RO          778    i.xTaskCreate       tasks.o
    0x00003700   0x00003700   0x00000020   Code   RO          787    i.xTaskGetSchedulerState  tasks.o
    0x00003720   0x00003720   0x0000000c   Code   RO          788    i.xTaskGetTickCount  tasks.o
    0x0000372c   0x0000372c   0x000001bc   Code   RO          790    i.xTaskIncrementTick  tasks.o
    0x000038e8   0x000038e8   0x000000f0   Code   RO          791    i.xTaskPriorityDisinherit  tasks.o
    0x000039d8   0x000039d8   0x000000ec   Code   RO          792    i.xTaskPriorityInherit  tasks.o
    0x00003ac4   0x00003ac4   0x00000124   Code   RO          793    i.xTaskRemoveFromEventList  tasks.o
    0x00003be8   0x00003be8   0x00000178   Code   RO          794    i.xTaskResumeAll    tasks.o
    0x00003d60   0x00003d60   0x00000036   Code   RO         1162    i.xTimerCreate      timers.o
    0x00003d96   0x00003d96   0x00000002   PAD
    0x00003d98   0x00003d98   0x00000054   Code   RO         1163    i.xTimerCreateTimerTask  timers.o
    0x00003dec   0x00003dec   0x00000084   Code   RO         1164    i.xTimerGenericCommand  timers.o
    0x00003e70   0x00003e70   0x00000016   Code   RO          173    i.xorshift32        xorshift.o
    0x00003e86   0x00003e86   0x0000000a   Code   RO         1455    x$fpl$fpinit        fz_wm.l(fpinit.o)
    0x00003e90   0x00003e90   0x00000020   Data   RO         1523    Region$$Table       anon$$obj.o


    Execution Region ER_RW (Exec base: 0x20000000, Load base: 0x00003eb0, Size: 0x00000fdc, Max: 0xffffffff, ABSOLUTE, COMPRESSED[0x00000050])

    Exec Addr    Load Addr    Size         Type   Attr      Idx    E Section Name        Object

    0x20000000   COMPRESSED   0x00000f4d   Data   RW            9    .data               main.o
    0x20000f4d   COMPRESSED   0x00000003   PAD
    0x20000f50   COMPRESSED   0x00000004   Data   RW          199    .data               system_tm4c123.o
    0x20000f54   COMPRESSED   0x0000001c   Data   RW          329    .data               heap_4.o
    0x20000f70   COMPRESSED   0x00000018   Data   RW          403    .data               port.o
    0x20000f88   COMPRESSED   0x00000040   Data   RW          797    .data               tasks.o
    0x20000fc8   COMPRESSED   0x00000014   Data   RW         1173    .data               timers.o


    Execution Region ER_ZI (Exec base: 0x20000fdc, Load base: 0x00003f00, Size: 0x00002adc, Max: 0xffffffff, ABSOLUTE)

    Exec Addr    Load Addr    Size         Type   Attr      Idx    E Section Name        Object

    0x20000fdc        -       0x0000078a   Zero   RW            8    .bss                main.o
    0x20001766        -       0x00002000   Zero   RW          328    .bss                heap_4.o
    0x20003766   0x00003f00   0x00000002   PAD
    0x20003768        -       0x000000c8   Zero   RW          796    .bss                tasks.o
    0x20003830        -       0x00000028   Zero   RW         1172    .bss                timers.o
    0x20003858        -       0x00000060   Zero   RW         1397    .bss                c_w.l(libspace.o)
    0x200038b8        -       0x00000000   Zero   RW          186    HEAP                startup_tm4c123.o
    0x200038b8        -       0x00000200   Zero   RW          185    STACK               startup_tm4c123.o


==============================================================================

Image component sizes


      Code (inc. data)   RO Data    RW Data    ZI Data      Debug   Object Name

       364         46          0          0          0       3097   bsp.o
       656         58          0         28       8192      18091   heap_4.o
       148          0          0          0          0       6446   list.o
      2868        630          0       3917       1930      27789   main.o
      1402        124          0         24          0      13962   port.o
      2638         22          0          0          0      34213   queue.o
        20          0          0          0          0        622   snake.o
       276         24        620          0        512       5484   startup_tm4c123.o
        20          6          0          4          0        735   system_tm4c123.o
      4450        512          0         64        200      38306   tasks.o
      1256        106          0         20         40      15666   timers.o
        22          0          0          0          0        893   xorshift.o

    ----------------------------------------------------------------------
     14130       1528        652       4060      10876     165304   Object Totals
         0          0         32          0          0          0   (incl. Generated)
        10          0          0          3          2          0   (incl. Padding)

    ----------------------------------------------------------------------

      Code (inc. data)   RO Data    RW Data    ZI Data      Debug   Library Member Name

        90          0          0          0          0          0   __dczerorl2.o
         8          0          0          0          0         68   __main.o
       104          0          0          0          0         84   __printf.o
         0          0          0          0          0          0   __rtentry.o
        12          0          0          0          0          0   __rtentry2.o
         6          0          0          0          0          0   __rtentry4.o
        52          8          0          0          0          0   __scatter.o
        28          0          0          0          0          0   __scatter_zi.o
        48          6          0          0          0         96   _printf_char_common.o
         6          0          0          0          0          0   _printf_d.o
       120         16          0          0          0         92   _printf_dec.o
       178          0          0          0          0         88   _printf_intcommon.o
         0          0          0          0          0          0   _printf_percent.o
         4          0          0          0          0          0   _printf_percent_end.o
        10          0          0          0          0         68   _sputc.o
        16          0          0          0          0         68   aeabi_memset.o
        18          0          0          0          0         80   exit.o
         6          0          0          0          0        152   heapauxi.o
         0          0          0          0          0          0   indicate_semi.o
         2          0          0          0          0          0   libinit.o
         6          0          0          0          0          0   libinit2.o
         2          0          0          0          0          0   libshutdown.o
         2          0          0          0          0          0   libshutdown2.o
         8          4          0          0         96         68   libspace.o
        40          6          0          0          0         84   noretval__2sprintf.o
        68          0          0          0          0         68   rt_memclr.o
        78          0          0          0          0         80   rt_memclr_w.o
       138          0          0          0          0         68   rt_memcpy_v6.o
       100          0          0          0          0         80   rt_memcpy_w.o
         2          0          0          0          0          0   rtexit.o
        10          0          0          0          0          0   rtexit2.o
        12          4          0          0          0         68   sys_exit.o
        74          0          0          0          0         80   sys_stackheap_outer.o
         2          0          0          0          0         68   use_no_semi.o
        10          0          0          0          0        116   fpinit.o

    ----------------------------------------------------------------------
      1266         44          0          0         96       1576   Library Totals
         6          0          0          0          0          0   (incl. Padding)

    ----------------------------------------------------------------------

      Code (inc. data)   RO Data    RW Data    ZI Data      Debug   Library Name

      1250         44          0          0         96       1460   c_w.l
        10          0          0          0          0        116   fz_wm.l

    ----------------------------------------------------------------------
      1266         44          0          0         96       1576   Library Totals

    ----------------------------------------------------------------------

==============================================================================


      Code (inc. data)   RO Data    RW Data    ZI Data      Debug   

     15396       1572        652       4060      10972     156852   Grand Totals
     15396       1572        652         80      10972     156852   ELF Image Totals (compressed)
     15396       1572        652         80          0          0   ROM Totals

==============================================================================

    Total RO  Size (Code + RO Data)                16048 (  15.67kB)
    Total RW  Size (RW Data + ZI Data)             15032 (  14.68kB)
    Total ROM Size (Code + RO Data + RW Data)      16128 (  15.75kB)

==============================================================================

